Component: ARM Compiler 5.05 update 1 (build 106) Tool: armlink [4d0efa]

==============================================================================

Section Cross References

    startup_stm32g474xx.o(STACK) refers (Special) to heapauxi.o(.text) for __use_two_region_memory
    startup_stm32g474xx.o(HEAP) refers (Special) to heapauxi.o(.text) for __use_two_region_memory
    startup_stm32g474xx.o(RESET) refers (Special) to heapauxi.o(.text) for __use_two_region_memory
    startup_stm32g474xx.o(RESET) refers to startup_stm32g474xx.o(STACK) for __initial_sp
    startup_stm32g474xx.o(RESET) refers to startup_stm32g474xx.o(.text) for Reset_Handler
    startup_stm32g474xx.o(RESET) refers to stm32g4xx_it.o(i.NMI_Handler) for NMI_Handler
    startup_stm32g474xx.o(RESET) refers to stm32g4xx_it.o(i.HardFault_Handler) for HardFault_Handler
    startup_stm32g474xx.o(RESET) refers to stm32g4xx_it.o(i.MemManage_Handler) for MemManage_Handler
    startup_stm32g474xx.o(RESET) refers to stm32g4xx_it.o(i.BusFault_Handler) for BusFault_Handler
    startup_stm32g474xx.o(RESET) refers to stm32g4xx_it.o(i.UsageFault_Handler) for UsageFault_Handler
    startup_stm32g474xx.o(RESET) refers to stm32g4xx_it.o(i.SVC_Handler) for SVC_Handler
    startup_stm32g474xx.o(RESET) refers to stm32g4xx_it.o(i.DebugMon_Handler) for DebugMon_Handler
    startup_stm32g474xx.o(RESET) refers to stm32g4xx_it.o(i.PendSV_Handler) for PendSV_Handler
    startup_stm32g474xx.o(RESET) refers to stm32g4xx_it.o(i.SysTick_Handler) for SysTick_Handler
    startup_stm32g474xx.o(RESET) refers to stm32g4xx_it.o(i.USART1_IRQHandler) for USART1_IRQHandler
    startup_stm32g474xx.o(RESET) refers to stm32g4xx_it.o(i.EXTI15_10_IRQHandler) for EXTI15_10_IRQHandler
    startup_stm32g474xx.o(.text) refers (Special) to heapauxi.o(.text) for __use_two_region_memory
    startup_stm32g474xx.o(.text) refers to system_stm32g4xx.o(i.SystemInit) for SystemInit
    startup_stm32g474xx.o(.text) refers to __main.o(!!!main) for __main
    startup_stm32g474xx.o(.text) refers to startup_stm32g474xx.o(HEAP) for Heap_Mem
    startup_stm32g474xx.o(.text) refers to startup_stm32g474xx.o(STACK) for Stack_Mem
    main.o(i.HAL_GPIO_EXTI_Callback) refers to oled_i2c.o(i.OLED_CLS) for OLED_CLS
    main.o(i.HAL_GPIO_EXTI_Callback) refers to oled_i2c.o(i.OLED_ShowInt) for OLED_ShowInt
    main.o(i.HAL_GPIO_EXTI_Callback) refers to main.o(.data) for .data
    main.o(i.SystemClock_Config) refers to rt_memclr_w.o(.text) for __aeabi_memclr4
    main.o(i.SystemClock_Config) refers to stm32g4xx_hal_pwr_ex.o(i.HAL_PWREx_ControlVoltageScaling) for HAL_PWREx_ControlVoltageScaling
    main.o(i.SystemClock_Config) refers to stm32g4xx_hal_rcc.o(i.HAL_RCC_OscConfig) for HAL_RCC_OscConfig
    main.o(i.SystemClock_Config) refers to stm32g4xx_hal_rcc.o(i.HAL_RCC_ClockConfig) for HAL_RCC_ClockConfig
    main.o(i.main) refers to _printf_pad.o(.text) for _printf_pre_padding
    main.o(i.main) refers to _printf_percent.o(.ARM.Collect$$_printf_percent$$00000000) for _printf_percent
    main.o(i.main) refers to _printf_d.o(.ARM.Collect$$_printf_percent$$00000009) for _printf_d
    main.o(i.main) refers to _printf_dec.o(.text) for _printf_int_dec
    main.o(i.main) refers to stm32g4xx_hal.o(i.HAL_Init) for HAL_Init
    main.o(i.main) refers to main.o(i.SystemClock_Config) for SystemClock_Config
    main.o(i.main) refers to gpio.o(i.MX_GPIO_Init) for MX_GPIO_Init
    main.o(i.main) refers to usart.o(i.MX_USART1_UART_Init) for MX_USART1_UART_Init
    main.o(i.main) refers to delay.o(i.delay_init) for delay_init
    main.o(i.main) refers to myusart1.o(i.MyUSART1_Init) for MyUSART1_Init
    main.o(i.main) refers to oled_i2c.o(i.OLED_Init) for OLED_Init
    main.o(i.main) refers to oled_i2c.o(i.OLED_CLS) for OLED_CLS
    main.o(i.main) refers to oled_i2c.o(i.OLED_ShowStr) for OLED_ShowStr
    main.o(i.main) refers to ad7190.o(i.AD7190_Init) for AD7190_Init
    main.o(i.main) refers to myusart1.o(i.MyUSART1_ReadLine) for MyUSART1_ReadLine
    main.o(i.main) refers to myusart1.o(i.MyUSART1_WriteLine) for MyUSART1_WriteLine
    main.o(i.main) refers to ad7190.o(i.AdcGroupRead) for AdcGroupRead
    main.o(i.main) refers to dflt_clz.o(x$fpl$dflt) for __aeabi_i2d
    main.o(i.main) refers to dmul.o(x$fpl$dmul) for __aeabi_dmul
    main.o(i.main) refers to dfix.o(x$fpl$dfix) for __aeabi_d2iz
    main.o(i.main) refers to noretval__2printf.o(.text) for __2printf
    main.o(i.main) refers to delay.o(i.delay_ms) for delay_ms
    main.o(i.main) refers to usart.o(.bss) for huart1
    main.o(i.main) refers to main.o(.bss) for .bss
    gpio.o(i.MX_GPIO_Init) refers to rt_memclr_w.o(.text) for __aeabi_memclr4
    gpio.o(i.MX_GPIO_Init) refers to stm32g4xx_hal_gpio.o(i.HAL_GPIO_WritePin) for HAL_GPIO_WritePin
    gpio.o(i.MX_GPIO_Init) refers to stm32g4xx_hal_gpio.o(i.HAL_GPIO_Init) for HAL_GPIO_Init
    gpio.o(i.MX_GPIO_Init) refers to stm32g4xx_hal_cortex.o(i.HAL_NVIC_SetPriority) for HAL_NVIC_SetPriority
[...]
    i.HAL_PWREx_ControlVoltageScaling        0x08001014   Section        0  stm32g4xx_hal_pwr_ex.o(i.HAL_PWREx_ControlVoltageScaling)
    i.HAL_PWREx_DisableUCPDDeadBattery       0x080010d0   Section        0  stm32g4xx_hal_pwr_ex.o(i.HAL_PWREx_DisableUCPDDeadBattery)
    i.HAL_RCCEx_PeriphCLKConfig              0x080010e0   Section        0  stm32g4xx_hal_rcc_ex.o(i.HAL_RCCEx_PeriphCLKConfig)
    i.HAL_RCC_ClockConfig                    0x080013e0   Section        0  stm32g4xx_hal_rcc.o(i.HAL_RCC_ClockConfig)
    i.HAL_RCC_GetPCLK1Freq                   0x080015bc   Section        0  stm32g4xx_hal_rcc.o(i.HAL_RCC_GetPCLK1Freq)
    i.HAL_RCC_GetPCLK2Freq                   0x080015e0   Section        0  stm32g4xx_hal_rcc.o(i.HAL_RCC_GetPCLK2Freq)
    i.HAL_RCC_GetSysClockFreq                0x08001604   Section        0  stm32g4xx_hal_rcc.o(i.HAL_RCC_GetSysClockFreq)
    i.HAL_RCC_OscConfig                      0x08001674   Section        0  stm32g4xx_hal_rcc.o(i.HAL_RCC_OscConfig)
    i.HAL_SYSTICK_CLKSourceConfig            0x08001a80   Section        0  stm32g4xx_hal_cortex.o(i.HAL_SYSTICK_CLKSourceConfig)
    i.HAL_SYSTICK_Config                     0x08001a98   Section        0  stm32g4xx_hal_cortex.o(i.HAL_SYSTICK_Config)
    i.HAL_UARTEx_DisableFifoMode             0x08001ac0   Section        0  stm32g4xx_hal_uart_ex.o(i.HAL_UARTEx_DisableFifoMode)
    i.HAL_UARTEx_RxEventCallback             0x08001afe   Section        0  stm32g4xx_hal_uart.o(i.HAL_UARTEx_RxEventCallback)
    i.HAL_UARTEx_RxFifoFullCallback          0x08001b00   Section        0  stm32g4xx_hal_uart_ex.o(i.HAL_UARTEx_RxFifoFullCallback)
    i.HAL_UARTEx_SetRxFifoThreshold          0x08001b02   Section        0  stm32g4xx_hal_uart_ex.o(i.HAL_UARTEx_SetRxFifoThreshold)
    i.HAL_UARTEx_SetTxFifoThreshold          0x08001b4e   Section        0  stm32g4xx_hal_uart_ex.o(i.HAL_UARTEx_SetTxFifoThreshold)
    i.HAL_UARTEx_TxFifoEmptyCallback         0x08001b9a   Section        0  stm32g4xx_hal_uart_ex.o(i.HAL_UARTEx_TxFifoEmptyCallback)
    i.HAL_UARTEx_WakeupCallback              0x08001b9c   Section        0  stm32g4xx_hal_uart_ex.o(i.HAL_UARTEx_WakeupCallback)
    i.HAL_UART_ErrorCallback                 0x08001b9e   Section        0  stm32g4xx_hal_uart.o(i.HAL_UART_ErrorCallback)
    i.HAL_UART_IRQHandler                    0x08001ba0   Section        0  stm32g4xx_hal_uart.o(i.HAL_UART_IRQHandler)
    i.HAL_UART_Init                          0x08001e80   Section        0  stm32g4xx_hal_uart.o(i.HAL_UART_Init)
    i.HAL_UART_MspInit                       0x08001eec   Section        0  usart.o(i.HAL_UART_MspInit)
    i.HAL_UART_TxCpltCallback                0x08001f78   Section        0  stm32g4xx_hal_uart.o(i.HAL_UART_TxCpltCallback)
    i.HardFault_Handler                      0x08001f7a   Section        0  stm32g4xx_it.o(i.HardFault_Handler)
    i.I2C_WriteByte                          0x08001f7c   Section        0  oled_i2c.o(i.I2C_WriteByte)
    i.IIC_Init                               0x08001fac   Section        0  myiic.o(i.IIC_Init)
    i.IIC_Send_Byte                          0x08001fcc   Section        0  myiic.o(i.IIC_Send_Byte)
    i.IIC_Start                              0x08002044   Section        0  myiic.o(i.IIC_Start)
    i.IIC_Stop                               0x08002098   Section        0  myiic.o(i.IIC_Stop)
    i.IIC_Wait_Ack                           0x080020f0   Section        0  myiic.o(i.IIC_Wait_Ack)
    i.MX_GPIO_Init                           0x0800215c   Section        0  gpio.o(i.MX_GPIO_Init)
    i.MX_USART1_UART_Init                    0x08002240   Section        0  usart.o(i.MX_USART1_UART_Init)
    i.MemManage_Handler                      0x080022a8   Section        0  stm32g4xx_it.o(i.MemManage_Handler)
    i.MyUSART1_CanReadLine                   0x080022ac   Section        0  myusart1.o(i.MyUSART1_CanReadLine)
    i.MyUSART1_IRQHandler                    0x080022dc   Section        0  myusart1.o(i.MyUSART1_IRQHandler)
    i.MyUSART1_Init                          0x08002310   Section        0  myusart1.o(i.MyUSART1_Init)
    i.MyUSART1_ReadLine                      0x08002324   Section        0  myusart1.o(i.MyUSART1_ReadLine)
    i.MyUSART1_WriteChar                     0x0800236c   Section        0  myusart1.o(i.MyUSART1_WriteChar)
    i.MyUSART1_WriteLine                     0x08002388   Section        0  myusart1.o(i.MyUSART1_WriteLine)
    i.NMI_Handler                            0x080023b6   Section        0  stm32g4xx_it.o(i.NMI_Handler)
    i.OLED_CLS                               0x080023b8   Section        0  oled_i2c.o(i.OLED_CLS)
    i.OLED_Fill                              0x080023c0   Section        0  oled_i2c.o(i.OLED_Fill)
    i.OLED_Init                              0x080023f8   Section        0  oled_i2c.o(i.OLED_Init)
    i.OLED_SetPos                            0x080024c0   Section        0  oled_i2c.o(i.OLED_SetPos)
    i.OLED_ShowChar                          0x080024e8   Section        0  oled_i2c.o(i.OLED_ShowChar)
    i.OLED_ShowInt                           0x08002564   Section        0  oled_i2c.o(i.OLED_ShowInt)
    i.OLED_ShowStr                           0x080025ec   Section        0  oled_i2c.o(i.OLED_ShowStr)
    i.PendSV_Handler                         0x080026c4   Section        0  stm32g4xx_it.o(i.PendSV_Handler)
    i.ReadFromAD7190                         0x080026c8   Section        0  ad7190.o(i.ReadFromAD7190)
    i.SVC_Handler                            0x08002768   Section        0  stm32g4xx_it.o(i.SVC_Handler)
    i.SysTick_Handler                        0x0800276a   Section        0  stm32g4xx_it.o(i.SysTick_Handler)
    i.SystemClock_Config                     0x0800276e   Section        0  main.o(i.SystemClock_Config)
    i.SystemInit                             0x080027d4   Section        0  system_stm32g4xx.o(i.SystemInit)
    i.UARTEx_SetNbDataToProcess              0x080027e4   Section        0  stm32g4xx_hal_uart_ex.o(i.UARTEx_SetNbDataToProcess)
    UARTEx_SetNbDataToProcess                0x080027e5   Thumb Code    62  stm32g4xx_hal_uart_ex.o(i.UARTEx_SetNbDataToProcess)
    i.UART_AdvFeatureConfig                  0x08002828   Section        0  stm32g4xx_hal_uart.o(i.UART_AdvFeatureConfig)
    i.UART_CheckIdleState                    0x080028f0   Section        0  stm32g4xx_hal_uart.o(i.UART_CheckIdleState)
    i.UART_DMAAbortOnError                   0x08002950   Section        0  stm32g4xx_hal_uart.o(i.UART_DMAAbortOnError)
    UART_DMAAbortOnError                     0x08002951   Thumb Code    20  stm32g4xx_hal_uart.o(i.UART_DMAAbortOnError)
    i.UART_EndRxTransfer                     0x08002964   Section        0  stm32g4xx_hal_uart.o(i.UART_EndRxTransfer)
    UART_EndRxTransfer                       0x08002965   Thumb Code    78  stm32g4xx_hal_uart.o(i.UART_EndRxTransfer)
    i.UART_SetConfig                         0x080029b8   Section        0  stm32g4xx_hal_uart.o(i.UART_SetConfig)
    i.UART_WaitOnFlagUntilTimeout            0x08002c50   Section        0  stm32g4xx_hal_uart.o(i.UART_WaitOnFlagUntilTimeout)
    i.USART1_IRQHandler                      0x08002d18   Section        0  stm32g4xx_it.o(i.USART1_IRQHandler)
    i.UsageFault_Handler                     0x08002d34   Section        0  stm32g4xx_it.o(i.UsageFault_Handler)
    i.WaitDataRDY                            0x08002d36   Section        0  ad7190.o(i.WaitDataRDY)
    i.WriteCmd                               0x08002d6c   Section        0  oled_i2c.o(i.WriteCmd)
    i.WriteDat                               0x08002d74   Section        0  oled_i2c.o(i.WriteDat)
    i.WriteToAD7190                          0x08002d7c   Section        0  ad7190.o(i.WriteToAD7190)
    i.__ARM_fpclassify                       0x08002e1c   Section        0  fpclassify.o(i.__ARM_fpclassify)
    i.__MyUSART1_Shift                       0x08002e4c   Section        0  myusart1.o(i.__MyUSART1_Shift)
    i.__NVIC_SetPriority                     0x08002e78   Section        0  stm32g4xx_hal_cortex.o(i.__NVIC_SetPriority)
    __NVIC_SetPriority                       0x08002e79   Thumb Code    32  stm32g4xx_hal_cortex.o(i.__NVIC_SetPriority)
    i.__hardfp_pow                           0x08002e98   Section        0  pow.o(i.__hardfp_pow)
    i.__kernel_poly                          0x08003ad0   Section        0  poly.o(i.__kernel_poly)
    i.__mathlib_dbl_divzero                  0x08003bc8   Section        0  dunder.o(i.__mathlib_dbl_divzero)
    i.__mathlib_dbl_infnan2                  0x08003bf8   Section        0  dunder.o(i.__mathlib_dbl_infnan2)
    i.__mathlib_dbl_invalid                  0x08003c10   Section        0  dunder.o(i.__mathlib_dbl_invalid)
    i.__mathlib_dbl_overflow                 0x08003c30   Section        0  dunder.o(i.__mathlib_dbl_overflow)
    i.__mathlib_dbl_underflow                0x08003c50   Section        0  dunder.o(i.__mathlib_dbl_underflow)
    i._is_digit                              0x08003c70   Section        0  __printf_wp.o(i._is_digit)
    i.delay_init                             0x08003c80   Section        0  delay.o(i.delay_init)
    i.delay_ms                               0x08003c94   Section        0  delay.o(i.delay_ms)
    i.delay_us                               0x08003ca0   Section        0  delay.o(i.delay_us)
    i.fabs                                   0x08003cd4   Section        0  fabs.o(i.fabs)
    i.fputc                                  0x08003cec   Section        0  myusart1.o(i.fputc)
    i.main                                   0x08003d08   Section        0  main.o(i.main)
    i.sqrt                                   0x08003e68   Section        0  sqrt.o(i.sqrt)
    x$fpl$basic                              0x08003ed6   Section       24  basic.o(x$fpl$basic)
    $v0                                      0x08003ed6   Number         0  basic.o(x$fpl$basic)
    x$fpl$dadd                               0x08003ef0   Section      336  daddsub_clz.o(x$fpl$dadd)
    $v0                                      0x08003ef0   Number         0  daddsub_clz.o(x$fpl$dadd)
    _dadd1                                   0x08003f01   Thumb Code     0  daddsub_clz.o(x$fpl$dadd)
    x$fpl$dcheck1                            0x08004040   Section       16  dcheck1.o(x$fpl$dcheck1)
    $v0                                      0x08004040   Number         0  dcheck1.o(x$fpl$dcheck1)
    x$fpl$dcmpinf                            0x08004050   Section       24  dcmpi.o(x$fpl$dcmpinf)
    $v0                                      0x08004050   Number         0  dcmpi.o(x$fpl$dcmpinf)
    x$fpl$ddiv                               0x08004068   Section      688  ddiv.o(x$fpl$ddiv)
    $v0                                      0x08004068   Number         0  ddiv.o(x$fpl$ddiv)
    ddiv_entry                               0x0800406f   Thumb Code     0  ddiv.o(x$fpl$ddiv)
    x$fpl$dfix                               0x08004318   Section       94  dfix.o(x$fpl$dfix)
    $v0                                      0x08004318   Number         0  dfix.o(x$fpl$dfix)
    x$fpl$dfixu                              0x08004378   Section       90  dfixu.o(x$fpl$dfixu)
    $v0                                      0x08004378   Number         0  dfixu.o(x$fpl$dfixu)
    x$fpl$dflt                               0x080043d2   Section       46  dflt_clz.o(x$fpl$dflt)
    $v0                                      0x080043d2   Number         0  dflt_clz.o(x$fpl$dflt)
    x$fpl$dfltu                              0x08004400   Section       38  dflt_clz.o(x$fpl$dfltu)
    $v0                                      0x08004400   Number         0  dflt_clz.o(x$fpl$dfltu)
    x$fpl$dleqf                              0x08004428   Section      120  dleqf.o(x$fpl$dleqf)
    $v0                                      0x08004428   Number         0  dleqf.o(x$fpl$dleqf)
    x$fpl$dmul                               0x080044a0   Section      340  dmul.o(x$fpl$dmul)
    $v0                                      0x080044a0   Number         0  dmul.o(x$fpl$dmul)
    x$fpl$dnaninf                            0x080045f4   Section      156  dnaninf.o(x$fpl$dnaninf)
    $v0                                      0x080045f4   Number         0  dnaninf.o(x$fpl$dnaninf)
    x$fpl$dretinf                            0x08004690   Section       12  dretinf.o(x$fpl$dretinf)
    $v0                                      0x08004690   Number         0  dretinf.o(x$fpl$dretinf)
    x$fpl$drleqf                             0x0800469c   Section      108  drleqf.o(x$fpl$drleqf)
    $v0                                      0x0800469c   Number         0  drleqf.o(x$fpl$drleqf)
    x$fpl$drsb                               0x08004708   Section       22  daddsub_clz.o(x$fpl$drsb)
    $v0                                      0x08004708   Number         0  daddsub_clz.o(x$fpl$drsb)
    x$fpl$dsqrt                              0x08004720   Section      408  dsqrt_umaal.o(x$fpl$dsqrt)
    $v0                                      0x08004720   Number         0  dsqrt_umaal.o(x$fpl$dsqrt)
    x$fpl$dsub                               0x080048b8   Section      468  daddsub_clz.o(x$fpl$dsub)
    $v0                                      0x080048b8   Number         0  daddsub_clz.o(x$fpl$dsub)
    _dsub1                                   0x080048c9   Thumb Code     0  daddsub_clz.o(x$fpl$dsub)
    x$fpl$fpinit                             0x08004a8c   Section       10  fpinit.o(x$fpl$fpinit)
    $v0                                      0x08004a8c   Number         0  fpinit.o(x$fpl$fpinit)
    x$fpl$retnan                             0x08004a96   Section      100  retnan.o(x$fpl$retnan)
    $v0                                      0x08004a96   Number         0  retnan.o(x$fpl$retnan)
    x$fpl$scalbn                             0x08004afa   Section       92  scalbn.o(x$fpl$scalbn)
    $v0                                      0x08004afa   Number         0  scalbn.o(x$fpl$scalbn)
    x$fpl$trapveneer                         0x08004b56   Section       48  trapv.o(x$fpl$trapveneer)
    $v0                                      0x08004b56   Number         0  trapv.o(x$fpl$trapveneer)
    .constdata                               0x08004b86   Section       24  stm32g4xx_hal_uart.o(.constdata)
    x$fpl$usenofp                            0x08004b86   Section        0  usenofp.o(x$fpl$usenofp)
    .constdata                               0x08004b9e   Section       16  stm32g4xx_hal_uart_ex.o(.constdata)
    numerator                                0x08004b9e   Data           8  stm32g4xx_hal_uart_ex.o(.constdata)
    denominator                              0x08004ba6   Data           8  stm32g4xx_hal_uart_ex.o(.constdata)
    .constdata                               0x08004bae   Section       16  system_stm32g4xx.o(.constdata)
    .constdata                               0x08004bbe   Section        8  system_stm32g4xx.o(.constdata)
    .constdata                               0x08004bc6   Section     2086  oled_i2c.o(.constdata)
    hSpeedReg                                0x08004bc6   Data           8  oled_i2c.o(.constdata)
    .constdata                               0x080053f0   Section      136  pow.o(.constdata)
    bp                                       0x080053f0   Data          16  pow.o(.constdata)
    dp_h                                     0x08005400   Data          16  pow.o(.constdata)
    dp_l                                     0x08005410   Data          16  pow.o(.constdata)
    L                                        0x08005420   Data          48  pow.o(.constdata)
    P                                        0x08005450   Data          40  pow.o(.constdata)
    .constdata                               0x08005478   Section        8  qnan.o(.constdata)
    .data                                    0x20000000   Section        2  main.o(.data)
    num                                      0x20000000   Data           2  main.o(.data)
    .data                                    0x20000004   Section       12  stm32g4xx_hal.o(.data)
    .data                                    0x20000010   Section        4  system_stm32g4xx.o(.data)
    .data                                    0x20000014   Section        2  delay.o(.data)
    sysClkFreq                               0x20000014   Data           2  delay.o(.data)
    .data                                    0x20000016   Section      547  oled_i2c.o(.data)
    .data                                    0x2000023c   Section       12  myusart1.o(.data)
    .data                                    0x20000248   Section        4  myusart1.o(.data)
    .data                                    0x2000024c   Section       16  ad7190.o(.data)
    .bss                                     0x2000025c   Section       16  main.o(.bss)
    .bss                                     0x2000026c   Section      144  usart.o(.bss)
    .bss                                     0x200002fc   Section      100  myusart1.o(.bss)
    .bss                                     0x20000360   Section       96  libspace.o(.bss)
    HEAP                                     0x200003c0   Section      512  startup_stm32g474xx.o(HEAP)
    Heap_Mem                                 0x200003c0   Data         512  startup_stm32g474xx.o(HEAP)
    STACK                                    0x200005c0   Section     1024  startup_stm32g474xx.o(STACK)
    Stack_Mem                                0x200005c0   Data        1024  startup_stm32g474xx.o(STACK)
    __initial_sp                             0x200009c0   Data           0  startup_stm32g474xx.o(STACK)

    Global Symbols

    Symbol Name                              Value     Ov Type        Size  Object(Section)

    BuildAttributes$$THM_ISAv4$E$P$D$K$B$S$7EM$VFPi3$EXTD16$VFPS$VFMA$PE$A:L22UL41UL21$X:L11$S22US41US21$IEEE1$IW$USESV6$~STKCKD$USESV7$~SHL$OTIME$ROPI$IEEEX$EBA8$UX$STANDARDLIB$REQ8$PRES8$EABIv2 0x00000000   Number         0  anon$$obj.o ABSOLUTE
    __ARM_use_no_argv                        0x00000000   Number         0  main.o ABSOLUTE
    _printf_flags                            0x00000000   Number         0  printf_stubs.o ABSOLUTE
    _printf_return_value                     0x00000000   Number         0  printf_stubs.o ABSOLUTE
    _printf_sizespec                         0x00000000   Number         0  printf_stubs.o ABSOLUTE
    _printf_widthprec                        0x00000000   Number         0  printf_stubs.o ABSOLUTE
    __ARM_exceptions_init                     - Undefined Weak Reference
    __alloca_initialize                       - Undefined Weak Reference
    __arm_preinit_                            - Undefined Weak Reference
    __cpp_initialize__aeabi_                  - Undefined Weak Reference
    __cxa_finalize                            - Undefined Weak Reference
    __sigvec_lookup                           - Undefined Weak Reference
    _atexit_init                              - Undefined Weak Reference
    _call_atexit_fns                          - Undefined Weak Reference
    _clock_init                               - Undefined Weak Reference
    _fp_trap_init                             - Undefined Weak Reference
    _fp_trap_shutdown                         - Undefined Weak Reference
    _get_lc_collate                           - Undefined Weak Reference
    _get_lc_ctype                             - Undefined Weak Reference
    _get_lc_monetary                          - Undefined Weak Reference
    _get_lc_time                              - Undefined Weak Reference
    _getenv_init                              - Undefined Weak Reference
    _handle_redirection                       - Undefined Weak Reference
    _init_alloc                               - Undefined Weak Reference
    _init_user_alloc                          - Undefined Weak Reference
    _initio                                   - Undefined Weak Reference
    _mutex_acquire                            - Undefined Weak Reference
    _mutex_release                            - Undefined Weak Reference
    _printf_truncate_signed                   - Undefined Weak Reference
    _printf_truncate_unsigned                 - Undefined Weak Reference
    _rand_init                                - Undefined Weak Reference
    _signal_finish                            - Undefined Weak Reference
    _signal_init                              - Undefined Weak Reference
    _terminate_alloc                          - Undefined Weak Reference
    _terminate_user_alloc                     - Undefined Weak Reference
    _terminateio                              - Undefined Weak Reference
    __Vectors_Size                           0x000001d8   Number         0  startup_stm32g474xx.o ABSOLUTE
    __Vectors                                0x08000000   Data           4  startup_stm32g474xx.o(RESET)
    __Vectors_End                            0x080001d8   Data           0  startup_stm32g474xx.o(RESET)
    __main                                   0x080001d9   Thumb Code     8  __main.o(!!!main)
    __scatterload                            0x080001e1   Thumb Code     0  __scatter.o(!!!scatter)
    __scatterload_rt2                        0x080001e1   Thumb Code    44  __scatter.o(!!!scatter)
    __scatterload_rt2_thumb_only             0x080001e1   Thumb Code     0  __scatter.o(!!!scatter)
    __scatterload_null                       0x080001ef   Thumb Code     0  __scatter.o(!!!scatter)
    __decompress                             0x08000215   Thumb Code    90  __dczerorl2.o(!!dczerorl2)
    __decompress1                            0x08000215   Thumb Code     0  __dczerorl2.o(!!dczerorl2)
    __scatterload_zeroinit                   0x08000271   Thumb Code    28  __scatter_zi.o(!!handler_zi)
    _printf_d                                0x0800028d   Thumb Code     0  _printf_d.o(.ARM.Collect$$_printf_percent$$00000009)
    _printf_percent                          0x0800028d   Thumb Code     0  _printf_percent.o(.ARM.Collect$$_printf_percent$$00000000)
    _printf_percent_end                      0x08000293   Thumb Code     0  _printf_percent_end.o(.ARM.Collect$$_printf_percent$$00000017)
    __rt_lib_init                            0x08000297   Thumb Code     0  libinit.o(.ARM.Collect$$libinit$$00000000)
    __rt_lib_init_fp_1                       0x08000299   Thumb Code     0  libinit2.o(.ARM.Collect$$libinit$$00000001)
    __rt_lib_init_alloca_1                   0x0800029d   Thumb Code     0  libinit2.o(.ARM.Collect$$libinit$$0000002E)
    __rt_lib_init_argv_1                     0x0800029d   Thumb Code     0  libinit2.o(.ARM.Collect$$libinit$$0000002C)
    __rt_lib_init_atexit_1                   0x0800029d   Thumb Code     0  libinit2.o(.ARM.Collect$$libinit$$0000001B)
    __rt_lib_init_clock_1                    0x0800029d   Thumb Code     0  libinit2.o(.ARM.Collect$$libinit$$00000021)
    __rt_lib_init_cpp_1                      0x0800029d   Thumb Code     0  libinit2.o(.ARM.Collect$$libinit$$00000032)
    __rt_lib_init_exceptions_1               0x0800029d   Thumb Code     0  libinit2.o(.ARM.Collect$$libinit$$00000030)
    __rt_lib_init_fp_trap_1                  0x0800029d   Thumb Code     0  libinit2.o(.ARM.Collect$$libinit$$0000001F)
    __rt_lib_init_getenv_1                   0x0800029d   Thumb Code     0  libinit2.o(.ARM.Collect$$libinit$$00000023)
    __rt_lib_init_heap_1                     0x0800029d   Thumb Code     0  libinit2.o(.ARM.Collect$$libinit$$0000000A)
    __rt_lib_init_lc_collate_1               0x0800029d   Thumb Code     0  libinit2.o(.ARM.Collect$$libinit$$00000011)
    __rt_lib_init_lc_ctype_1                 0x0800029d   Thumb Code     0  libinit2.o(.ARM.Collect$$libinit$$00000013)
    __rt_lib_init_lc_monetary_1              0x0800029d   Thumb Code     0  libinit2.o(.ARM.Collect$$libinit$$00000015)
    __rt_lib_init_lc_numeric_1               0x0800029d   Thumb Code     0  libinit2.o(.ARM.Collect$$libinit$$00000017)
    __rt_lib_init_lc_time_1                  0x0800029d   Thumb Code     0  libinit2.o(.ARM.Collect$$libinit$$00000019)
    __rt_lib_init_preinit_1                  0x0800029d   Thumb Code     0  libinit2.o(.ARM.Collect$$libinit$$00000004)
    __rt_lib_init_rand_1                     0x0800029d   Thumb Code     0  libinit2.o(.ARM.Collect$$libinit$$0000000E)
    __rt_lib_init_return                     0x0800029d   Thumb Code     0  libinit2.o(.ARM.Collect$$libinit$$00000033)
    __rt_lib_init_signal_1                   0x0800029d   Thumb Code     0  libinit2.o(.ARM.Collect$$libinit$$0000001D)
    __rt_lib_init_stdio_1                    0x0800029d   Thumb Code     0  libinit2.o(.ARM.Collect$$libinit$$00000025)
    __rt_lib_init_user_alloc_1               0x0800029d   Thumb Code     0  libinit2.o(.ARM.Collect$$libinit$$0000000C)
    __rt_lib_shutdown                        0x0800029f   Thumb Code     0  libshutdown.o(.ARM.Collect$$libshutdown$$00000000)
    __rt_lib_shutdown_fp_trap_1              0x080002a1   Thumb Code     0  libshutdown2.o(.ARM.Collect$$libshutdown$$00000006)
    __rt_lib_shutdown_heap_1                 0x080002a1   Thumb Code     0  libshutdown2.o(.ARM.Collect$$libshutdown$$0000000E)
    __rt_lib_shutdown_return                 0x080002a1   Thumb Code     0  libshutdown2.o(.ARM.Collect$$libshutdown$$0000000F)
    __rt_lib_shutdown_signal_1               0x080002a1   Thumb Code     0  libshutdown2.o(.ARM.Collect$$libshutdown$$00000009)
    __rt_lib_shutdown_stdio_1                0x080002a1   Thumb Code     0  libshutdown2.o(.ARM.Collect$$libshutdown$$00000003)
    __rt_lib_shutdown_user_alloc_1           0x080002a1   Thumb Code     0  libshutdown2.o(.ARM.Collect$$libshutdown$$0000000B)
    __rt_entry                               0x080002a3   Thumb Code     0  __rtentry.o(.ARM.Collect$$rtentry$$00000000)
    __rt_entry_presh_1                       0x080002a3   Thumb Code     0  __rtentry2.o(.ARM.Collect$$rtentry$$00000002)
    __rt_entry_sh                            0x080002a3   Thumb Code     0  __rtentry4.o(.ARM.Collect$$rtentry$$00000004)
    __rt_entry_li                            0x080002a9   Thumb Code     0  __rtentry2.o(.ARM.Collect$$rtentry$$0000000A)
    __rt_entry_postsh_1                      0x080002a9   Thumb Code     0  __rtentry2.o(.ARM.Collect$$rtentry$$00000009)
    __rt_entry_main                          0x080002ad   Thumb Code     0  __rtentry2.o(.ARM.Collect$$rtentry$$0000000D)
    __rt_entry_postli_1                      0x080002ad   Thumb Code     0  __rtentry2.o(.ARM.Collect$$rtentry$$0000000C)
    __rt_exit                                0x080002b5   Thumb Code     0  rtexit.o(.ARM.Collect$$rtexit$$00000000)
    __rt_exit_ls                             0x080002b7   Thumb Code     0  rtexit2.o(.ARM.Collect$$rtexit$$00000003)
    __rt_exit_prels_1                        0x080002b7   Thumb Code     0  rtexit2.o(.ARM.Collect$$rtexit$$00000002)
    __rt_exit_exit                           0x080002bb   Thumb Code     0  rtexit2.o(.ARM.Collect$$rtexit$$00000004)
    Reset_Handler                            0x080002c1   Thumb Code     8  startup_stm32g474xx.o(.text)
    ADC1_2_IRQHandler                        0x080002db   Thumb Code     0  startup_stm32g474xx.o(.text)
    ADC3_IRQHandler                          0x080002db   Thumb Code     0  startup_stm32g474xx.o(.text)
    ADC4_IRQHandler                          0x080002db   Thumb Code     0  startup_stm32g474xx.o(.text)
    ADC5_IRQHandler                          0x080002db   Thumb Code     0  startup_stm32g474xx.o(.text)
    COMP1_2_3_IRQHandler                     0x080002db   Thumb Code     0  startup_stm32g474xx.o(.text)
    COMP4_5_6_IRQHandler                     0x080002db   Thumb Code     0  startup_stm32g474xx.o(.text)
    COMP7_IRQHandler                         0x080002db   Thumb Code     0  startup_stm32g474xx.o(.text)
    CORDIC_IRQHandler                        0x080002db   Thumb Code     0  startup_stm32g474xx.o(.text)
    CRS_IRQHandler                           0x080002db   Thumb Code     0  startup_stm32g474xx.o(.text)
    DMA1_Channel1_IRQHandler                 0x080002db   Thumb Code     0  startup_stm32g474xx.o(.text)
    DMA1_Channel2_IRQHandler                 0x080002db   Thumb Code     0  startup_stm32g474xx.o(.text)
    DMA1_Channel3_IRQHandler                 0x080002db   Thumb Code     0  startup_stm32g474xx.o(.text)
    DMA1_Channel4_IRQHandler                 0x080002db   Thumb Code     0  startup_stm32g474xx.o(.text)
    DMA1_Channel5_IRQHandler                 0x080002db   Thumb Code     0  startup_stm32g474xx.o(.text)
    DMA1_Channel6_IRQHandler                 0x080002db   Thumb Code     0  startup_stm32g474xx.o(.text)
    DMA1_Channel7_IRQHandler                 0x080002db   Thumb Code     0  startup_stm32g474xx.o(.text)
    DMA1_Channel8_IRQHandler                 0x080002db   Thumb Code     0  startup_stm32g474xx.o(.text)
    DMA2_Channel1_IRQHandler                 0x080002db   Thumb Code     0  startup_stm32g474xx.o(.text)
    DMA2_Channel2_IRQHandler                 0x080002db   Thumb Code     0  startup_stm32g474xx.o(.text)
    DMA2_Channel3_IRQHandler                 0x080002db   Thumb Code     0  startup_stm32g474xx.o(.text)
    DMA2_Channel4_IRQHandler                 0x080002db   Thumb Code     0  startup_stm32g474xx.o(.text)
    DMA2_Channel5_IRQHandler                 0x080002db   Thumb Code     0  startup_stm32g474xx.o(.text)
    DMA2_Channel6_IRQHandler                 0x080002db   Thumb Code     0  startup_stm32g474xx.o(.text)
    DMA2_Channel7_IRQHandler                 0x080002db   Thumb Code     0  startup_stm32g474xx.o(.text)
    DMA2_Channel8_IRQHandler                 0x080002db   Thumb Code     0  startup_stm32g474xx.o(.text)
    DMAMUX_OVR_IRQHandler                    0x080002db   Thumb Code     0  startup_stm32g474xx.o(.text)
    EXTI0_IRQHandler                         0x080002db   Thumb Code     0  startup_stm32g474xx.o(.text)
    EXTI1_IRQHandler                         0x080002db   Thumb Code     0  startup_stm32g474xx.o(.text)
    EXTI2_IRQHandler                         0x080002db   Thumb Code     0  startup_stm32g474xx.o(.text)
    EXTI3_IRQHandler                         0x080002db   Thumb Code     0  startup_stm32g474xx.o(.text)
    EXTI4_IRQHandler                         0x080002db   Thumb Code     0  startup_stm32g474xx.o(.text)
    EXTI9_5_IRQHandler                       0x080002db   Thumb Code     0  startup_stm32g474xx.o(.text)
    FDCAN1_IT0_IRQHandler                    0x080002db   Thumb Code     0  startup_stm32g474xx.o(.text)
    FDCAN1_IT1_IRQHandler                    0x080002db   Thumb Code     0  startup_stm32g474xx.o(.text)
    FDCAN2_IT0_IRQHandler                    0x080002db   Thumb Code     0  startup_stm32g474xx.o(.text)
    FDCAN2_IT1_IRQHandler                    0x080002db   Thumb Code     0  startup_stm32g474xx.o(.text)
    FDCAN3_IT0_IRQHandler                    0x080002db   Thumb Code     0  startup_stm32g474xx.o(.text)
    FDCAN3_IT1_IRQHandler                    0x080002db   Thumb Code     0  startup_stm32g474xx.o(.text)
    FLASH_IRQHandler                         0x080002db   Thumb Code     0  startup_stm32g474xx.o(.text)
    FMAC_IRQHandler                          0x080002db   Thumb Code     0  startup_stm32g474xx.o(.text)
    FMC_IRQHandler                           0x080002db   Thumb Code     0  startup_stm32g474xx.o(.text)
    FPU_IRQHandler                           0x080002db   Thumb Code     0  startup_stm32g474xx.o(.text)
    HRTIM1_FLT_IRQHandler                    0x080002db   Thumb Code     0  startup_stm32g474xx.o(.text)
    HRTIM1_Master_IRQHandler                 0x080002db   Thumb Code     0  startup_stm32g474xx.o(.text)
    HRTIM1_TIMA_IRQHandler                   0x080002db   Thumb Code     0  startup_stm32g474xx.o(.text)
    HRTIM1_TIMB_IRQHandler                   0x080002db   Thumb Code     0  startup_stm32g474xx.o(.text)
    HRTIM1_TIMC_IRQHandler                   0x080002db   Thumb Code     0  startup_stm32g474xx.o(.text)
    HRTIM1_TIMD_IRQHandler                   0x080002db   Thumb Code     0  startup_stm32g474xx.o(.text)
    HRTIM1_TIME_IRQHandler                   0x080002db   Thumb Code     0  startup_stm32g474xx.o(.text)
    HRTIM1_TIMF_IRQHandler                   0x080002db   Thumb Code     0  startup_stm32g474xx.o(.text)
    I2C1_ER_IRQHandler                       0x080002db   Thumb Code     0  startup_stm32g474xx.o(.text)
    I2C1_EV_IRQHandler                       0x080002db   Thumb Code     0  startup_stm32g474xx.o(.text)
    I2C2_ER_IRQHandler                       0x080002db   Thumb Code     0  startup_stm32g474xx.o(.text)
    I2C2_EV_IRQHandler                       0x080002db   Thumb Code     0  startup_stm32g474xx.o(.text)
    I2C3_ER_IRQHandler                       0x080002db   Thumb Code     0  startup_stm32g474xx.o(.text)
    I2C3_EV_IRQHandler                       0x080002db   Thumb Code     0  startup_stm32g474xx.o(.text)
    I2C4_ER_IRQHandler                       0x080002db   Thumb Code     0  startup_stm32g474xx.o(.text)
    I2C4_EV_IRQHandler                       0x080002db   Thumb Code     0  startup_stm32g474xx.o(.text)
    LPTIM1_IRQHandler                        0x080002db   Thumb Code     0  startup_stm32g474xx.o(.text)
    LPUART1_IRQHandler                       0x080002db   Thumb Code     0  startup_stm32g474xx.o(.text)
    PVD_PVM_IRQHandler                       0x080002db   Thumb Code     0  startup_stm32g474xx.o(.text)
    QUADSPI_IRQHandler                       0x080002db   Thumb Code     0  startup_stm32g474xx.o(.text)
    RCC_IRQHandler                           0x080002db   Thumb Code     0  startup_stm32g474xx.o(.text)
    RNG_IRQHandler                           0x080002db   Thumb Code     0  startup_stm32g474xx.o(.text)
    RTC_Alarm_IRQHandler                     0x080002db   Thumb Code     0  startup_stm32g474xx.o(.text)
    RTC_TAMP_LSECSS_IRQHandler               0x080002db   Thumb Code     0  startup_stm32g474xx.o(.text)
    RTC_WKUP_IRQHandler                      0x080002db   Thumb Code     0  startup_stm32g474xx.o(.text)
    SAI1_IRQHandler                          0x080002db   Thumb Code     0  startup_stm32g474xx.o(.text)
    SPI1_IRQHandler                          0x080002db   Thumb Code     0  startup_stm32g474xx.o(.text)
    SPI2_IRQHandler                          0x080002db   Thumb Code     0  startup_stm32g474xx.o(.text)
    SPI3_IRQHandler                          0x080002db   Thumb Code     0  startup_stm32g474xx.o(.text)
    SPI4_IRQHandler                          0x080002db   Thumb Code     0  startup_stm32g474xx.o(.text)
    TIM1_BRK_TIM15_IRQHandler                0x080002db   Thumb Code     0  startup_stm32g474xx.o(.text)
    TIM1_CC_IRQHandler                       0x080002db   Thumb Code     0  startup_stm32g474xx.o(.text)
    TIM1_TRG_COM_TIM17_IRQHandler            0x080002db   Thumb Code     0  startup_stm32g474xx.o(.text)
    TIM1_UP_TIM16_IRQHandler                 0x080002db   Thumb Code     0  startup_stm32g474xx.o(.text)
    TIM20_BRK_IRQHandler                     0x080002db   Thumb Code     0  startup_stm32g474xx.o(.text)
    TIM20_CC_IRQHandler                      0x080002db   Thumb Code     0  startup_stm32g474xx.o(.text)
    TIM20_TRG_COM_IRQHandler                 0x080002db   Thumb Code     0  startup_stm32g474xx.o(.text)
    TIM20_UP_IRQHandler                      0x080002db   Thumb Code     0  startup_stm32g474xx.o(.text)
    TIM2_IRQHandler                          0x080002db   Thumb Code     0  startup_stm32g474xx.o(.text)
    TIM3_IRQHandler                          0x080002db   Thumb Code     0  startup_stm32g474xx.o(.text)
    TIM4_IRQHandler                          0x080002db   Thumb Code     0  startup_stm32g474xx.o(.text)
    TIM5_IRQHandler                          0x080002db   Thumb Code     0  startup_stm32g474xx.o(.text)
    TIM6_DAC_IRQHandler                      0x080002db   Thumb Code     0  startup_stm32g474xx.o(.text)
    TIM7_DAC_IRQHandler                      0x080002db   Thumb Code     0  startup_stm32g474xx.o(.text)
    TIM8_BRK_IRQHandler                      0x080002db   Thumb Code     0  startup_stm32g474xx.o(.text)
    TIM8_CC_IRQHandler                       0x080002db   Thumb Code     0  startup_stm32g474xx.o(.text)
    TIM8_TRG_COM_IRQHandler                  0x080002db   Thumb Code     0  startup_stm32g474xx.o(.text)
    TIM8_UP_IRQHandler                       0x080002db   Thumb Code     0  startup_stm32g474xx.o(.text)
    UART4_IRQHandler                         0x080002db   Thumb Code     0  startup_stm32g474xx.o(.text)
    UART5_IRQHandler                         0x080002db   Thumb Code     0  startup_stm32g474xx.o(.text)
    UCPD1_IRQHandler                         0x080002db   Thumb Code     0  startup_stm32g474xx.o(.text)
    USART2_IRQHandler                        0x080002db   Thumb Code     0  startup_stm32g474xx.o(.text)
    USART3_IRQHandler                        0x080002db   Thumb Code     0  startup_stm32g474xx.o(.text)
    USBWakeUp_IRQHandler                     0x080002db   Thumb Code     0  startup_stm32g474xx.o(.text)
    USB_HP_IRQHandler                        0x080002db   Thumb Code     0  startup_stm32g474xx.o(.text)
    USB_LP_IRQHandler                        0x080002db   Thumb Code     0  startup_stm32g474xx.o(.text)
    WWDG_IRQHandler                          0x080002db   Thumb Code     0  startup_stm32g474xx.o(.text)
    __user_initial_stackheap                 0x080002dd   Thumb Code     0  startup_stm32g474xx.o(.text)
    __aeabi_uldivmod                         0x08000301   Thumb Code     0  lludivv7m.o(.text)
    _ll_udiv                                 0x08000301   Thumb Code   238  lludivv7m.o(.text)
    __2printf                                0x080003f1   Thumb Code    20  noretval__2printf.o(.text)
    _printf_pre_padding                      0x08000409   Thumb Code    44  _printf_pad.o(.text)
    _printf_post_padding                     0x08000435   Thumb Code    34  _printf_pad.o(.text)
    _printf_int_dec                          0x08000459   Thumb Code   104  _printf_dec.o(.text)
    __printf                                 0x080004d1   Thumb Code   352  __printf_ss_wp.o(.text)
    __aeabi_memclr4                          0x08000631   Thumb Code     0  rt_memclr_w.o(.text)
    __aeabi_memclr8                          0x08000631   Thumb Code     0  rt_memclr_w.o(.text)
    __rt_memclr_w                            0x08000631   Thumb Code    78  rt_memclr_w.o(.text)
    _memset_w                                0x08000635   Thumb Code     0  rt_memclr_w.o(.text)
    __use_two_region_memory                  0x0800067f   Thumb Code     2  heapauxi.o(.text)
    __rt_heap_escrow$2region                 0x08000681   Thumb Code     2  heapauxi.o(.text)
    __rt_heap_expand$2region                 0x08000683   Thumb Code     2  heapauxi.o(.text)
    __read_errno                             0x08000685   Thumb Code    10  _rserrno.o(.text)
    __set_errno                              0x0800068f   Thumb Code    12  _rserrno.o(.text)
    _printf_int_common                       0x0800069b   Thumb Code   178  _printf_intcommon.o(.text)
    _printf_char_common                      0x08000757   Thumb Code    32  _printf_char_common.o(.text)
    _printf_char_file                        0x0800077d   Thumb Code    32  _printf_char_file.o(.text)
    __aeabi_errno_addr                       0x080007a1   Thumb Code     8  rt_errno_addr_intlibspace.o(.text)
    __errno$intlibspace                      0x080007a1   Thumb Code     0  rt_errno_addr_intlibspace.o(.text)
    __rt_errno_addr$intlibspace              0x080007a1   Thumb Code     0  rt_errno_addr_intlibspace.o(.text)
    ferror                                   0x080007a9   Thumb Code     8  ferror.o(.text)
    __user_libspace                          0x080007b1   Thumb Code     8  libspace.o(.text)
    __user_perproc_libspace                  0x080007b1   Thumb Code     0  libspace.o(.text)
    __user_perthread_libspace                0x080007b1   Thumb Code     0  libspace.o(.text)
    __user_setup_stackheap                   0x080007b9   Thumb Code    74  sys_stackheap_outer.o(.text)
    exit                                     0x08000803   Thumb Code    12  exit.o(.text)
    _sys_exit                                0x08000811   Thumb Code     8  sys_exit.o(.text)
    __I$use$semihosting                      0x0800081d   Thumb Code     0  use_no_semi.o(.text)
    __use_no_semihosting_swi                 0x0800081d   Thumb Code     2  use_no_semi.o(.text)
    __semihosting_library_function           0x0800081f   Thumb Code     0  indicate_semi.o(.text)
    AD7190_Config_Set                        0x08000821   Thumb Code   126  ad7190.o(i.AD7190_Config_Set)
    AD7190_Connect_Set                       0x080008ad   Thumb Code    32  ad7190.o(i.AD7190_Connect_Set)
    AD7190_Init                              0x080008cd   Thumb Code   242  ad7190.o(i.AD7190_Init)
    AD7190_Mode_Init                         0x080009c9   Thumb Code   156  ad7190.o(i.AD7190_Mode_Init)
    AD7190_Mode_Set                          0x08000a69   Thumb Code    92  ad7190.o(i.AD7190_Mode_Set)
    ADC_Num                                  0x08000ac5   Thumb Code    26  ad7190.o(i.ADC_Num)
    AdcGroupRead                             0x08000ae1   Thumb Code    52  ad7190.o(i.AdcGroupRead)
    BusFault_Handler                         0x08000b19   Thumb Code     2  stm32g4xx_it.o(i.BusFault_Handler)
    DebugMon_Handler                         0x08000b1b   Thumb Code     2  stm32g4xx_it.o(i.DebugMon_Handler)
    EXTI15_10_IRQHandler                     0x08000b1d   Thumb Code     8  stm32g4xx_it.o(i.EXTI15_10_IRQHandler)
    Error_Handler                            0x08000b25   Thumb Code     4  main.o(i.Error_Handler)
    GET_AD7190                               0x08000b29   Thumb Code    62  ad7190.o(i.GET_AD7190)
    HAL_DMA_Abort                            0x08000b6d   Thumb Code   106  stm32g4xx_hal_dma.o(i.HAL_DMA_Abort)
    HAL_DMA_Abort_IT                         0x08000bd7   Thumb Code   120  stm32g4xx_hal_dma.o(i.HAL_DMA_Abort_IT)
    HAL_GPIO_EXTI_Callback                   0x08000c51   Thumb Code    28  main.o(i.HAL_GPIO_EXTI_Callback)
    HAL_GPIO_EXTI_IRQHandler                 0x08000c71   Thumb Code    18  stm32g4xx_hal_gpio.o(i.HAL_GPIO_EXTI_IRQHandler)
    HAL_GPIO_Init                            0x08000c89   Thumb Code   550  stm32g4xx_hal_gpio.o(i.HAL_GPIO_Init)
    HAL_GPIO_ReadPin                         0x08000ed1   Thumb Code    10  stm32g4xx_hal_gpio.o(i.HAL_GPIO_ReadPin)
    HAL_GPIO_WritePin                        0x08000edb   Thumb Code    10  stm32g4xx_hal_gpio.o(i.HAL_GPIO_WritePin)
    HAL_GetTick                              0x08000ee5   Thumb Code     6  stm32g4xx_hal.o(i.HAL_GetTick)
    HAL_IncTick                              0x08000ef1   Thumb Code    12  stm32g4xx_hal.o(i.HAL_IncTick)
    HAL_Init                                 0x08000f01   Thumb Code    30  stm32g4xx_hal.o(i.HAL_Init)
    HAL_InitTick                             0x08000f21   Thumb Code    58  stm32g4xx_hal.o(i.HAL_InitTick)
    HAL_MspInit                              0x08000f65   Thumb Code    42  stm32g4xx_hal_msp.o(i.HAL_MspInit)
    HAL_NVIC_EnableIRQ                       0x08000f95   Thumb Code    26  stm32g4xx_hal_cortex.o(i.HAL_NVIC_EnableIRQ)
    HAL_NVIC_SetPriority                     0x08000fb1   Thumb Code    60  stm32g4xx_hal_cortex.o(i.HAL_NVIC_SetPriority)
    HAL_NVIC_SetPriorityGrouping             0x08000ff1   Thumb Code    26  stm32g4xx_hal_cortex.o(i.HAL_NVIC_SetPriorityGrouping)
    HAL_PWREx_ControlVoltageScaling          0x08001015   Thumb Code   174  stm32g4xx_hal_pwr_ex.o(i.HAL_PWREx_ControlVoltageScaling)
    HAL_PWREx_DisableUCPDDeadBattery         0x080010d1   Thumb Code    12  stm32g4xx_hal_pwr_ex.o(i.HAL_PWREx_DisableUCPDDeadBattery)
    HAL_RCCEx_PeriphCLKConfig                0x080010e1   Thumb Code   758  stm32g4xx_hal_rcc_ex.o(i.HAL_RCCEx_PeriphCLKConfig)
    HAL_RCC_ClockConfig                      0x080013e1   Thumb Code   444  stm32g4xx_hal_rcc.o(i.HAL_RCC_ClockConfig)
    HAL_RCC_GetPCLK1Freq                     0x080015bd   Thumb Code    24  stm32g4xx_hal_rcc.o(i.HAL_RCC_GetPCLK1Freq)
    HAL_RCC_GetPCLK2Freq                     0x080015e1   Thumb Code    24  stm32g4xx_hal_rcc.o(i.HAL_RCC_GetPCLK2Freq)
    HAL_RCC_GetSysClockFreq                  0x08001605   Thumb Code    98  stm32g4xx_hal_rcc.o(i.HAL_RCC_GetSysClockFreq)
    HAL_RCC_OscConfig                        0x08001675   Thumb Code  1036  stm32g4xx_hal_rcc.o(i.HAL_RCC_OscConfig)
    HAL_SYSTICK_CLKSourceConfig              0x08001a81   Thumb Code    24  stm32g4xx_hal_cortex.o(i.HAL_SYSTICK_CLKSourceConfig)
    HAL_SYSTICK_Config                       0x08001a99   Thumb Code    40  stm32g4xx_hal_cortex.o(i.HAL_SYSTICK_Config)
    HAL_UARTEx_DisableFifoMode               0x08001ac1   Thumb Code    62  stm32g4xx_hal_uart_ex.o(i.HAL_UARTEx_DisableFifoMode)
    HAL_UARTEx_RxEventCallback               0x08001aff   Thumb Code     2  stm32g4xx_hal_uart.o(i.HAL_UARTEx_RxEventCallback)
    HAL_UARTEx_RxFifoFullCallback            0x08001b01   Thumb Code     2  stm32g4xx_hal_uart_ex.o(i.HAL_UARTEx_RxFifoFullCallback)
    HAL_UARTEx_SetRxFifoThreshold            0x08001b03   Thumb Code    76  stm32g4xx_hal_uart_ex.o(i.HAL_UARTEx_SetRxFifoThreshold)
    HAL_UARTEx_SetTxFifoThreshold            0x08001b4f   Thumb Code    76  stm32g4xx_hal_uart_ex.o(i.HAL_UARTEx_SetTxFifoThreshold)
    HAL_UARTEx_TxFifoEmptyCallback           0x08001b9b   Thumb Code     2  stm32g4xx_hal_uart_ex.o(i.HAL_UARTEx_TxFifoEmptyCallback)
    HAL_UARTEx_WakeupCallback                0x08001b9d   Thumb Code     2  stm32g4xx_hal_uart_ex.o(i.HAL_UARTEx_WakeupCallback)
    HAL_UART_ErrorCallback                   0x08001b9f   Thumb Code     2  stm32g4xx_hal_uart.o(i.HAL_UART_ErrorCallback)
    HAL_UART_IRQHandler                      0x08001ba1   Thumb Code   722  stm32g4xx_hal_uart.o(i.HAL_UART_IRQHandler)
    HAL_UART_Init                            0x08001e81   Thumb Code   106  stm32g4xx_hal_uart.o(i.HAL_UART_Init)
    HAL_UART_MspInit                         0x08001eed   Thumb Code   128  usart.o(i.HAL_UART_MspInit)
    HAL_UART_TxCpltCallback                  0x08001f79   Thumb Code     2  stm32g4xx_hal_uart.o(i.HAL_UART_TxCpltCallback)
    HardFault_Handler                        0x08001f7b   Thumb Code     2  stm32g4xx_it.o(i.HardFault_Handler)
    I2C_WriteByte                            0x08001f7d   Thumb Code    48  oled_i2c.o(i.I2C_WriteByte)
    IIC_Init                                 0x08001fad   Thumb Code    28  myiic.o(i.IIC_Init)
    IIC_Send_Byte                            0x08001fcd   Thumb Code   116  myiic.o(i.IIC_Send_Byte)
    IIC_Start                                0x08002045   Thumb Code    80  myiic.o(i.IIC_Start)
    IIC_Stop                                 0x08002099   Thumb Code    82  myiic.o(i.IIC_Stop)
    IIC_Wait_Ack                             0x080020f1   Thumb Code   102  myiic.o(i.IIC_Wait_Ack)
    MX_GPIO_Init                             0x0800215d   Thumb Code   214  gpio.o(i.MX_GPIO_Init)
    MX_USART1_UART_Init                      0x08002241   Thumb Code    94  usart.o(i.MX_USART1_UART_Init)
    MemManage_Handler                        0x080022a9   Thumb Code     2  stm32g4xx_it.o(i.MemManage_Handler)
    MyUSART1_CanReadLine                     0x080022ad   Thumb Code    40  myusart1.o(i.MyUSART1_CanReadLine)
    MyUSART1_IRQHandler                      0x080022dd   Thumb Code    40  myusart1.o(i.MyUSART1_IRQHandler)
    MyUSART1_Init                            0x08002311   Thumb Code    16  myusart1.o(i.MyUSART1_Init)
    MyUSART1_ReadLine                        0x08002325   Thumb Code    62  myusart1.o(i.MyUSART1_ReadLine)
    MyUSART1_WriteChar                       0x0800236d   Thumb Code    18  myusart1.o(i.MyUSART1_WriteChar)
    MyUSART1_WriteLine                       0x08002389   Thumb Code    46  myusart1.o(i.MyUSART1_WriteLine)
    NMI_Handler                              0x080023b7   Thumb Code     2  stm32g4xx_it.o(i.NMI_Handler)
    OLED_CLS                                 0x080023b9   Thumb Code     6  oled_i2c.o(i.OLED_CLS)
    OLED_Fill                                0x080023c1   Thumb Code    56  oled_i2c.o(i.OLED_Fill)
    OLED_Init                                0x080023f9   Thumb Code   194  oled_i2c.o(i.OLED_Init)
    OLED_SetPos                              0x080024c1   Thumb Code    38  oled_i2c.o(i.OLED_SetPos)
    OLED_ShowChar                            0x080024e9   Thumb Code   116  oled_i2c.o(i.OLED_ShowChar)
    OLED_ShowInt                             0x08002565   Thumb Code   134  oled_i2c.o(i.OLED_ShowInt)
    OLED_ShowStr                             0x080025ed   Thumb Code   208  oled_i2c.o(i.OLED_ShowStr)
    PendSV_Handler                           0x080026c5   Thumb Code     2  stm32g4xx_it.o(i.PendSV_Handler)
    ReadFromAD7190                           0x080026c9   Thumb Code   154  ad7190.o(i.ReadFromAD7190)
    SVC_Handler                              0x08002769   Thumb Code     2  stm32g4xx_it.o(i.SVC_Handler)
    SysTick_Handler                          0x0800276b   Thumb Code     4  stm32g4xx_it.o(i.SysTick_Handler)
    SystemClock_Config                       0x0800276f   Thumb Code   102  main.o(i.SystemClock_Config)
    SystemInit                               0x080027d5   Thumb Code    12  system_stm32g4xx.o(i.SystemInit)
    UART_AdvFeatureConfig                    0x08002829   Thumb Code   200  stm32g4xx_hal_uart.o(i.UART_AdvFeatureConfig)
    UART_CheckIdleState                      0x080028f1   Thumb Code    96  stm32g4xx_hal_uart.o(i.UART_CheckIdleState)
    UART_SetConfig                           0x080029b9   Thumb Code   614  stm32g4xx_hal_uart.o(i.UART_SetConfig)
    UART_WaitOnFlagUntilTimeout              0x08002c51   Thumb Code   198  stm32g4xx_hal_uart.o(i.UART_WaitOnFlagUntilTimeout)
    USART1_IRQHandler                        0x08002d19   Thumb Code    18  stm32g4xx_it.o(i.USART1_IRQHandler)
    UsageFault_Handler                       0x08002d35   Thumb Code     2  stm32g4xx_it.o(i.UsageFault_Handler)
    WaitDataRDY                              0x08002d37   Thumb Code    54  ad7190.o(i.WaitDataRDY)
    WriteCmd                                 0x08002d6d   Thumb Code     8  oled_i2c.o(i.WriteCmd)
    WriteDat                                 0x08002d75   Thumb Code     8  oled_i2c.o(i.WriteDat)
    WriteToAD7190                            0x08002d7d   Thumb Code   154  ad7190.o(i.WriteToAD7190)
    __ARM_fpclassify                         0x08002e1d   Thumb Code    48  fpclassify.o(i.__ARM_fpclassify)
    __MyUSART1_Shift                         0x08002e4d   Thumb Code    34  myusart1.o(i.__MyUSART1_Shift)
    __hardfp_pow                             0x08002e99   Thumb Code  3044  pow.o(i.__hardfp_pow)
    __kernel_poly                            0x08003ad1   Thumb Code   248  poly.o(i.__kernel_poly)
    __mathlib_dbl_divzero                    0x08003bc9   Thumb Code    28  dunder.o(i.__mathlib_dbl_divzero)
    __mathlib_dbl_infnan2                    0x08003bf9   Thumb Code    20  dunder.o(i.__mathlib_dbl_infnan2)
    __mathlib_dbl_invalid                    0x08003c11   Thumb Code    24  dunder.o(i.__mathlib_dbl_invalid)
    __mathlib_dbl_overflow                   0x08003c31   Thumb Code    24  dunder.o(i.__mathlib_dbl_overflow)
    __mathlib_dbl_underflow                  0x08003c51   Thumb Code    24  dunder.o(i.__mathlib_dbl_underflow)
    _is_digit                                0x08003c71   Thumb Code    14  __printf_wp.o(i._is_digit)
    delay_init                               0x08003c81   Thumb Code    16  delay.o(i.delay_init)
    delay_ms                                 0x08003c95   Thumb Code    10  delay.o(i.delay_ms)
    delay_us                                 0x08003ca1   Thumb Code    48  delay.o(i.delay_us)
    fabs                                     0x08003cd5   Thumb Code    24  fabs.o(i.fabs)
    fputc                                    0x08003ced   Thumb Code    20  myusart1.o(i.fputc)
    main                                     0x08003d09   Thumb Code   228  main.o(i.main)
    sqrt                                     0x08003e69   Thumb Code   110  sqrt.o(i.sqrt)
    __aeabi_dneg                             0x08003ed7   Thumb Code     0  basic.o(x$fpl$basic)
    _dneg                                    0x08003ed7   Thumb Code     6  basic.o(x$fpl$basic)
    __aeabi_fneg                             0x08003edd   Thumb Code     0  basic.o(x$fpl$basic)
    _fneg                                    0x08003edd   Thumb Code     6  basic.o(x$fpl$basic)
    _dabs                                    0x08003ee3   Thumb Code     6  basic.o(x$fpl$basic)
    _fabs                                    0x08003ee9   Thumb Code     6  basic.o(x$fpl$basic)
    __aeabi_dadd                             0x08003ef1   Thumb Code     0  daddsub_clz.o(x$fpl$dadd)
    _dadd                                    0x08003ef1   Thumb Code   332  daddsub_clz.o(x$fpl$dadd)
    __fpl_dcheck_NaN1                        0x08004041   Thumb Code    10  dcheck1.o(x$fpl$dcheck1)
    __fpl_dcmp_Inf                           0x08004051   Thumb Code    24  dcmpi.o(x$fpl$dcmpinf)
    __aeabi_ddiv                             0x08004069   Thumb Code     0  ddiv.o(x$fpl$ddiv)
    _ddiv                                    0x08004069   Thumb Code   552  ddiv.o(x$fpl$ddiv)
    __aeabi_d2iz                             0x08004319   Thumb Code     0  dfix.o(x$fpl$dfix)
    _dfix                                    0x08004319   Thumb Code    94  dfix.o(x$fpl$dfix)
    __aeabi_d2uiz                            0x08004379   Thumb Code     0  dfixu.o(x$fpl$dfixu)
    _dfixu                                   0x08004379   Thumb Code    90  dfixu.o(x$fpl$dfixu)
    __aeabi_i2d                              0x080043d3   Thumb Code     0  dflt_clz.o(x$fpl$dflt)
    _dflt                                    0x080043d3   Thumb Code    46  dflt_clz.o(x$fpl$dflt)
    __aeabi_ui2d                             0x08004401   Thumb Code     0  dflt_clz.o(x$fpl$dfltu)
    _dfltu                                   0x08004401   Thumb Code    38  dflt_clz.o(x$fpl$dfltu)
    __aeabi_cdcmple                          0x08004429   Thumb Code     0  dleqf.o(x$fpl$dleqf)
    _dcmple                                  0x08004429   Thumb Code   120  dleqf.o(x$fpl$dleqf)
    __fpl_dcmple_InfNaN                      0x0800448b   Thumb Code     0  dleqf.o(x$fpl$dleqf)
    __aeabi_dmul                             0x080044a1   Thumb Code     0  dmul.o(x$fpl$dmul)
    _dmul                                    0x080044a1   Thumb Code   332  dmul.o(x$fpl$dmul)
    __fpl_dnaninf                            0x080045f5   Thumb Code   156  dnaninf.o(x$fpl$dnaninf)
    __fpl_dretinf                            0x08004691   Thumb Code    12  dretinf.o(x$fpl$dretinf)
    __aeabi_cdrcmple                         0x0800469d   Thumb Code     0  drleqf.o(x$fpl$drleqf)
    _drcmple                                 0x0800469d   Thumb Code   108  drleqf.o(x$fpl$drleqf)
    __aeabi_drsub                            0x08004709   Thumb Code     0  daddsub_clz.o(x$fpl$drsb)
    _drsb                                    0x08004709   Thumb Code    22  daddsub_clz.o(x$fpl$drsb)
    _dsqrt                                   0x08004721   Thumb Code   404  dsqrt_umaal.o(x$fpl$dsqrt)
    __aeabi_dsub                             0x080048b9   Thumb Code     0  daddsub_clz.o(x$fpl$dsub)
    _dsub                                    0x080048b9   Thumb Code   464  daddsub_clz.o(x$fpl$dsub)
    _fp_init                                 0x08004a8d   Thumb Code    10  fpinit.o(x$fpl$fpinit)
    __fplib_config_fpu_vfp                   0x08004a95   Thumb Code     0  fpinit.o(x$fpl$fpinit)
    __fplib_config_pureend_doubles           0x08004a95   Thumb Code     0  fpinit.o(x$fpl$fpinit)
    __fpl_return_NaN                         0x08004a97   Thumb Code   100  retnan.o(x$fpl$retnan)
    __ARM_scalbn                             0x08004afb   Thumb Code    92  scalbn.o(x$fpl$scalbn)
    __fpl_cmpreturn                          0x08004b57   Thumb Code    48  trapv.o(x$fpl$trapveneer)
    UARTPrescTable                           0x08004b86   Data          24  stm32g4xx_hal_uart.o(.constdata)
    __I$use$fp                               0x08004b86   Number         0  usenofp.o(x$fpl$usenofp)
    AHBPrescTable                            0x08004bae   Data          16  system_stm32g4xx.o(.constdata)
    APBPrescTable                            0x08004bbe   Data           8  system_stm32g4xx.o(.constdata)
    F6x8                                     0x08004bce   Data         558  oled_i2c.o(.constdata)
    F8X16                                    0x08004dfc   Data        1520  oled_i2c.o(.constdata)
    __mathlib_zero                           0x08005478   Data           8  qnan.o(.constdata)
    Region$$Table$$Base                      0x08005480   Number         0  anon$$obj.o(Region$$Table)
    Region$$Table$$Limit                     0x080054a0   Number         0  anon$$obj.o(Region$$Table)
    uwTickPrio                               0x20000004   Data           4  stm32g4xx_hal.o(.data)
    uwTickFreq                               0x20000008   Data           4  stm32g4xx_hal.o(.data)
    uwTick                                   0x2000000c   Data           4  stm32g4xx_hal.o(.data)
    SystemCoreClock                          0x20000010   Data           4  system_stm32g4xx.o(.data)
    RevState                                 0x20000016   Data           1  oled_i2c.o(.data)
    brightness                               0x20000017   Data           1  oled_i2c.o(.data)
    isScrolling                              0x20000018   Data           1  oled_i2c.o(.data)
    F16x16                                   0x20000019   Data         544  oled_i2c.o(.data)
    MyUSART1_bufferOverflowFlag              0x2000023c   Data           1  myusart1.o(.data)
    MyUSART1_bufferPos                       0x20000240   Data           4  myusart1.o(.data)
    MyUSART1_dummyHandle                     0x20000244   Data           4  myusart1.o(.data)
    __stdout                                 0x20000248   Data           4  myusart1.o(.data)
    ADC_Channel                              0x2000024c   Data           1  ad7190.o(.data)
    text                                     0x2000024d   Data           1  ad7190.o(.data)
    DisordersData                            0x20000250   Data           4  ad7190.o(.data)
    DisordersTemp                            0x20000254   Data           4  ad7190.o(.data)
    ADC_Gain                                 0x20000258   Data           4  ad7190.o(.data)
    ad7190Result                             0x2000025c   Data          16  main.o(.bss)
    huart1                                   0x2000026c   Data         144  usart.o(.bss)
    MyUSART1_buffer                          0x200002fc   Data         100  myusart1.o(.bss)
    __libspace_start                         0x20000360   Data          96  libspace.o(.bss)
    __temporary_stack_top$libspace           0x200003c0   Data           0  libspace.o(.bss)



==============================================================================

Memory Map of the image

  Image Entry point : 0x080001d9

  Load Region LR_IROM1 (Base: 0x08000000, Size: 0x000056fc, Max: 0x00080000, ABSOLUTE, COMPRESSED[0x00005660])

    Execution Region ER_IROM1 (Exec base: 0x08000000, Load base: 0x08000000, Size: 0x000054a0, Max: 0x00080000, ABSOLUTE)

    Exec Addr    Load Addr    Size         Type   Attr      Idx    E Section Name        Object

    0x08000000   0x08000000   0x000001d8   Data   RO            3    RESET               startup_stm32g474xx.o
    0x080001d8   0x080001d8   0x00000008   Code   RO         3051  * !!!main             c_w.l(__main.o)
    0x080001e0   0x080001e0   0x00000034   Code   RO         3386    !!!scatter          c_w.l(__scatter.o)
    0x08000214   0x08000214   0x0000005a   Code   RO         3384    !!dczerorl2         c_w.l(__dczerorl2.o)
    0x0800026e   0x0800026e   0x00000002   PAD
    0x08000270   0x08000270   0x0000001c   Code   RO         3388    !!handler_zi        c_w.l(__scatter_zi.o)
    0x0800028c   0x0800028c   0x00000000   Code   RO         3044    .ARM.Collect$$_printf_percent$$00000000  c_w.l(_printf_percent.o)
    0x0800028c   0x0800028c   0x00000006   Code   RO         3042    .ARM.Collect$$_printf_percent$$00000009  c_w.l(_printf_d.o)
    0x08000292   0x08000292   0x00000004   Code   RO         3102    .ARM.Collect$$_printf_percent$$00000017  c_w.l(_printf_percent_end.o)
    0x08000296   0x08000296   0x00000002   Code   RO         3252    .ARM.Collect$$libinit$$00000000  c_w.l(libinit.o)
    0x08000298   0x08000298   0x00000004   Code   RO         3253    .ARM.Collect$$libinit$$00000001  c_w.l(libinit2.o)
    0x0800029c   0x0800029c   0x00000000   Code   RO         3256    .ARM.Collect$$libinit$$00000004  c_w.l(libinit2.o)
    0x0800029c   0x0800029c   0x00000000   Code   RO         3259    .ARM.Collect$$libinit$$0000000A  c_w.l(libinit2.o)
    0x0800029c   0x0800029c   0x00000000   Code   RO         3261    .ARM.Collect$$libinit$$0000000C  c_w.l(libinit2.o)
    0x0800029c   0x0800029c   0x00000000   Code   RO         3263    .ARM.Collect$$libinit$$0000000E  c_w.l(libinit2.o)
    0x0800029c   0x0800029c   0x00000000   Code   RO         3266    .ARM.Collect$$libinit$$00000011  c_w.l(libinit2.o)
    0x0800029c   0x0800029c   0x00000000   Code   RO         3268    .ARM.Collect$$libinit$$00000013  c_w.l(libinit2.o)
    0x0800029c   0x0800029c   0x00000000   Code   RO         3270    .ARM.Collect$$libinit$$00000015  c_w.l(libinit2.o)
    0x0800029c   0x0800029c   0x00000000   Code   RO         3272    .ARM.Collect$$libinit$$00000017  c_w.l(libinit2.o)
    0x0800029c   0x0800029c   0x00000000   Code   RO         3274    .ARM.Collect$$libinit$$00000019  c_w.l(libinit2.o)
    0x0800029c   0x0800029c   0x00000000   Code   RO         3276    .ARM.Collect$$libinit$$0000001B  c_w.l(libinit2.o)
    0x0800029c   0x0800029c   0x00000000   Code   RO         3278    .ARM.Collect$$libinit$$0000001D  c_w.l(libinit2.o)
    0x0800029c   0x0800029c   0x00000000   Code   RO         3280    .ARM.Collect$$libinit$$0000001F  c_w.l(libinit2.o)
    0x0800029c   0x0800029c   0x00000000   Code   RO         3282    .ARM.Collect$$libinit$$00000021  c_w.l(libinit2.o)
    0x0800029c   0x0800029c   0x00000000   Code   RO         3284    .ARM.Collect$$libinit$$00000023  c_w.l(libinit2.o)
    0x0800029c   0x0800029c   0x00000000   Code   RO         3286    .ARM.Collect$$libinit$$00000025  c_w.l(libinit2.o)
    0x0800029c   0x0800029c   0x00000000   Code   RO         3290    .ARM.Collect$$libinit$$0000002C  c_w.l(libinit2.o)
    0x0800029c   0x0800029c   0x00000000   Code   RO         3292    .ARM.Collect$$libinit$$0000002E  c_w.l(libinit2.o)
    0x0800029c   0x0800029c   0x00000000   Code   RO         3294    .ARM.Collect$$libinit$$00000030  c_w.l(libinit2.o)
    0x0800029c   0x0800029c   0x00000000   Code   RO         3296    .ARM.Collect$$libinit$$00000032  c_w.l(libinit2.o)
    0x0800029c   0x0800029c   0x00000002   Code   RO         3297    .ARM.Collect$$libinit$$00000033  c_w.l(libinit2.o)
    0x0800029e   0x0800029e   0x00000002   Code   RO         3350    .ARM.Collect$$libshutdown$$00000000  c_w.l(libshutdown.o)
    0x080002a0   0x080002a0   0x00000000   Code   RO         3369    .ARM.Collect$$libshutdown$$00000003  c_w.l(libshutdown2.o)
    0x080002a0   0x080002a0   0x00000000   Code   RO         3372    .ARM.Collect$$libshutdown$$00000006  c_w.l(libshutdown2.o)
    0x080002a0   0x080002a0   0x00000000   Code   RO         3375    .ARM.Collect$$libshutdown$$00000009  c_w.l(libshutdown2.o)
    0x080002a0   0x080002a0   0x00000000   Code   RO         3377    .ARM.Collect$$libshutdown$$0000000B  c_w.l(libshutdown2.o)
    0x080002a0   0x080002a0   0x00000000   Code   RO         3380    .ARM.Collect$$libshutdown$$0000000E  c_w.l(libshutdown2.o)
    0x080002a0   0x080002a0   0x00000002   Code   RO         3381    .ARM.Collect$$libshutdown$$0000000F  c_w.l(libshutdown2.o)
    0x080002a2   0x080002a2   0x00000000   Code   RO         3085    .ARM.Collect$$rtentry$$00000000  c_w.l(__rtentry.o)
    0x080002a2   0x080002a2   0x00000000   Code   RO         3162    .ARM.Collect$$rtentry$$00000002  c_w.l(__rtentry2.o)
    0x080002a2   0x080002a2   0x00000006   Code   RO         3174    .ARM.Collect$$rtentry$$00000004  c_w.l(__rtentry4.o)
    0x080002a8   0x080002a8   0x00000000   Code   RO         3164    .ARM.Collect$$rtentry$$00000009  c_w.l(__rtentry2.o)
    0x080002a8   0x080002a8   0x00000004   Code   RO         3165    .ARM.Collect$$rtentry$$0000000A  c_w.l(__rtentry2.o)
    0x080002ac   0x080002ac   0x00000000   Code   RO         3167    .ARM.Collect$$rtentry$$0000000C  c_w.l(__rtentry2.o)
    0x080002ac   0x080002ac   0x00000008   Code   RO         3168    .ARM.Collect$$rtentry$$0000000D  c_w.l(__rtentry2.o)
    0x080002b4   0x080002b4   0x00000002   Code   RO         3302    .ARM.Collect$$rtexit$$00000000  c_w.l(rtexit.o)
    0x080002b6   0x080002b6   0x00000000   Code   RO         3319    .ARM.Collect$$rtexit$$00000002  c_w.l(rtexit2.o)
    0x080002b6   0x080002b6   0x00000004   Code   RO         3320    .ARM.Collect$$rtexit$$00000003  c_w.l(rtexit2.o)
    0x080002ba   0x080002ba   0x00000006   Code   RO         3321    .ARM.Collect$$rtexit$$00000004  c_w.l(rtexit2.o)
    0x080002c0   0x080002c0   0x00000040   Code   RO            4    .text               startup_stm32g474xx.o
    0x08000300   0x08000300   0x000000ee   Code   RO         3006    .text               c_w.l(lludivv7m.o)
    0x080003ee   0x080003ee   0x00000002   PAD
    0x080003f0   0x080003f0   0x00000018   Code   RO         3012    .text               c_w.l(noretval__2printf.o)
    0x08000408   0x08000408   0x0000004e   Code   RO         3018    .text               c_w.l(_printf_pad.o)
    0x08000456   0x08000456   0x00000002   PAD
    0x08000458   0x08000458   0x00000078   Code   RO         3020    .text               c_w.l(_printf_dec.o)
    0x080004d0   0x080004d0   0x00000160   Code   RO         3037    .text               c_w.l(__printf_ss_wp.o)
    0x08000630   0x08000630   0x0000004e   Code   RO         3047    .text               c_w.l(rt_memclr_w.o)
    0x0800067e   0x0800067e   0x00000006   Code   RO         3049    .text               c_w.l(heapauxi.o)
    0x08000684   0x08000684   0x00000016   Code   RO         3090    .text               c_w.l(_rserrno.o)
    0x0800069a   0x0800069a   0x000000b2   Code   RO         3092    .text               c_w.l(_printf_intcommon.o)
    0x0800074c   0x0800074c   0x00000030   Code   RO         3096    .text               c_w.l(_printf_char_common.o)
    0x0800077c   0x0800077c   0x00000024   Code   RO         3100    .text               c_w.l(_printf_char_file.o)
    0x080007a0   0x080007a0   0x00000008   Code   RO         3186    .text               c_w.l(rt_errno_addr_intlibspace.o)
    0x080007a8   0x080007a8   0x00000008   Code   RO         3219    .text               c_w.l(ferror.o)
    0x080007b0   0x080007b0   0x00000008   Code   RO         3234    .text               c_w.l(libspace.o)
    0x080007b8   0x080007b8   0x0000004a   Code   RO         3237    .text               c_w.l(sys_stackheap_outer.o)
    0x08000802   0x08000802   0x0000000c   Code   RO         3239    .text               c_w.l(exit.o)
    0x0800080e   0x0800080e   0x00000002   PAD
    0x08000810   0x08000810   0x0000000c   Code   RO         3316    .text               c_w.l(sys_exit.o)
    0x0800081c   0x0800081c   0x00000002   Code   RO         3337    .text               c_w.l(use_no_semi.o)
    0x0800081e   0x0800081e   0x00000000   Code   RO         3339    .text               c_w.l(indicate_semi.o)
    0x0800081e   0x0800081e   0x00000002   PAD
    0x08000820   0x08000820   0x0000008c   Code   RO         2905    i.AD7190_Config_Set  ad7190.o
    0x080008ac   0x080008ac   0x00000020   Code   RO         2906    i.AD7190_Connect_Set  ad7190.o
    0x080008cc   0x080008cc   0x000000fc   Code   RO         2907    i.AD7190_Init       ad7190.o
    0x080009c8   0x080009c8   0x000000a0   Code   RO         2908    i.AD7190_Mode_Init  ad7190.o
    0x08000a68   0x08000a68   0x0000005c   Code   RO         2909    i.AD7190_Mode_Set   ad7190.o
    0x08000ac4   0x08000ac4   0x0000001a   Code   RO         2910    i.ADC_Num           ad7190.o
    0x08000ade   0x08000ade   0x00000002   PAD
    0x08000ae0   0x08000ae0   0x00000038   Code   RO         2912    i.AdcGroupRead      ad7190.o
    0x08000b18   0x08000b18   0x00000002   Code   RO          250    i.BusFault_Handler  stm32g4xx_it.o
    0x08000b1a   0x08000b1a   0x00000002   Code   RO          251    i.DebugMon_Handler  stm32g4xx_it.o
    0x08000b1c   0x08000b1c   0x00000008   Code   RO          252    i.EXTI15_10_IRQHandler  stm32g4xx_it.o
    0x08000b24   0x08000b24   0x00000004   Code   RO           13    i.Error_Handler     main.o
    0x08000b28   0x08000b28   0x00000044   Code   RO         2913    i.GET_AD7190        ad7190.o
    0x08000b6c   0x08000b6c   0x0000006a   Code   RO         2021    i.HAL_DMA_Abort     stm32g4xx_hal_dma.o
    0x08000bd6   0x08000bd6   0x00000078   Code   RO         2022    i.HAL_DMA_Abort_IT  stm32g4xx_hal_dma.o
    0x08000c4e   0x08000c4e   0x00000002   PAD
    0x08000c50   0x08000c50   0x00000020   Code   RO           14    i.HAL_GPIO_EXTI_Callback  main.o
    0x08000c70   0x08000c70   0x00000018   Code   RO         1882    i.HAL_GPIO_EXTI_IRQHandler  stm32g4xx_hal_gpio.o
    0x08000c88   0x08000c88   0x00000248   Code   RO         1883    i.HAL_GPIO_Init     stm32g4xx_hal_gpio.o
    0x08000ed0   0x08000ed0   0x0000000a   Code   RO         1885    i.HAL_GPIO_ReadPin  stm32g4xx_hal_gpio.o
    0x08000eda   0x08000eda   0x0000000a   Code   RO         1887    i.HAL_GPIO_WritePin  stm32g4xx_hal_gpio.o
    0x08000ee4   0x08000ee4   0x0000000c   Code   RO         1180    i.HAL_GetTick       stm32g4xx_hal.o
    0x08000ef0   0x08000ef0   0x00000010   Code   RO         1183    i.HAL_IncTick       stm32g4xx_hal.o
    0x08000f00   0x08000f00   0x0000001e   Code   RO         1184    i.HAL_Init          stm32g4xx_hal.o
    0x08000f1e   0x08000f1e   0x00000002   PAD
    0x08000f20   0x08000f20   0x00000044   Code   RO         1185    i.HAL_InitTick      stm32g4xx_hal.o
    0x08000f64   0x08000f64   0x00000030   Code   RO          337    i.HAL_MspInit       stm32g4xx_hal_msp.o
    0x08000f94   0x08000f94   0x0000001a   Code   RO         2290    i.HAL_NVIC_EnableIRQ  stm32g4xx_hal_cortex.o
    0x08000fae   0x08000fae   0x00000002   PAD
    0x08000fb0   0x08000fb0   0x00000040   Code   RO         2296    i.HAL_NVIC_SetPriority  stm32g4xx_hal_cortex.o
    0x08000ff0   0x08000ff0   0x00000024   Code   RO         2297    i.HAL_NVIC_SetPriorityGrouping  stm32g4xx_hal_cortex.o
    0x08001014   0x08001014   0x000000bc   Code   RO          398    i.HAL_PWREx_ControlVoltageScaling  stm32g4xx_hal_pwr_ex.o
    0x080010d0   0x080010d0   0x00000010   Code   RO          410    i.HAL_PWREx_DisableUCPDDeadBattery  stm32g4xx_hal_pwr_ex.o
    0x080010e0   0x080010e0   0x00000300   Code   RO         1529    i.HAL_RCCEx_PeriphCLKConfig  stm32g4xx_hal_rcc_ex.o
    0x080013e0   0x080013e0   0x000001dc   Code   RO         1404    i.HAL_RCC_ClockConfig  stm32g4xx_hal_rcc.o
    0x080015bc   0x080015bc   0x00000024   Code   RO         1412    i.HAL_RCC_GetPCLK1Freq  stm32g4xx_hal_rcc.o
    0x080015e0   0x080015e0   0x00000024   Code   RO         1413    i.HAL_RCC_GetPCLK2Freq  stm32g4xx_hal_rcc.o
    0x08001604   0x08001604   0x00000070   Code   RO         1414    i.HAL_RCC_GetSysClockFreq  stm32g4xx_hal_rcc.o
    0x08001674   0x08001674   0x0000040c   Code   RO         1417    i.HAL_RCC_OscConfig  stm32g4xx_hal_rcc.o
    0x08001a80   0x08001a80   0x00000018   Code   RO         2299    i.HAL_SYSTICK_CLKSourceConfig  stm32g4xx_hal_cortex.o
    0x08001a98   0x08001a98   0x00000028   Code   RO         2301    i.HAL_SYSTICK_Config  stm32g4xx_hal_cortex.o
    0x08001ac0   0x08001ac0   0x0000003e   Code   RO         1057    i.HAL_UARTEx_DisableFifoMode  stm32g4xx_hal_uart_ex.o
    0x08001afe   0x08001afe   0x00000002   Code   RO          646    i.HAL_UARTEx_RxEventCallback  stm32g4xx_hal_uart.o
    0x08001b00   0x08001b00   0x00000002   Code   RO         1064    i.HAL_UARTEx_RxFifoFullCallback  stm32g4xx_hal_uart_ex.o
    0x08001b02   0x08001b02   0x0000004c   Code   RO         1065    i.HAL_UARTEx_SetRxFifoThreshold  stm32g4xx_hal_uart_ex.o
    0x08001b4e   0x08001b4e   0x0000004c   Code   RO         1066    i.HAL_UARTEx_SetTxFifoThreshold  stm32g4xx_hal_uart_ex.o
    0x08001b9a   0x08001b9a   0x00000002   Code   RO         1068    i.HAL_UARTEx_TxFifoEmptyCallback  stm32g4xx_hal_uart_ex.o
    0x08001b9c   0x08001b9c   0x00000002   Code   RO         1069    i.HAL_UARTEx_WakeupCallback  stm32g4xx_hal_uart_ex.o
    0x08001b9e   0x08001b9e   0x00000002   Code   RO          662    i.HAL_UART_ErrorCallback  stm32g4xx_hal_uart.o
    0x08001ba0   0x08001ba0   0x000002e0   Code   RO          665    i.HAL_UART_IRQHandler  stm32g4xx_hal_uart.o
    0x08001e80   0x08001e80   0x0000006a   Code   RO          666    i.HAL_UART_Init     stm32g4xx_hal_uart.o
    0x08001eea   0x08001eea   0x00000002   PAD
    0x08001eec   0x08001eec   0x0000008c   Code   RO          209    i.HAL_UART_MspInit  usart.o
    0x08001f78   0x08001f78   0x00000002   Code   RO          678    i.HAL_UART_TxCpltCallback  stm32g4xx_hal_uart.o
    0x08001f7a   0x08001f7a   0x00000002   Code   RO          253    i.HardFault_Handler  stm32g4xx_it.o
    0x08001f7c   0x08001f7c   0x00000030   Code   RO         2580    i.I2C_WriteByte     oled_i2c.o
    0x08001fac   0x08001fac   0x00000020   Code   RO         2512    i.IIC_Init          myiic.o
    0x08001fcc   0x08001fcc   0x00000078   Code   RO         2515    i.IIC_Send_Byte     myiic.o
    0x08002044   0x08002044   0x00000054   Code   RO         2516    i.IIC_Start         myiic.o
    0x08002098   0x08002098   0x00000058   Code   RO         2517    i.IIC_Stop          myiic.o
    0x080020f0   0x080020f0   0x0000006c   Code   RO         2518    i.IIC_Wait_Ack      myiic.o
    0x0800215c   0x0800215c   0x000000e4   Code   RO          184    i.MX_GPIO_Init      gpio.o
    0x08002240   0x08002240   0x00000068   Code   RO          210    i.MX_USART1_UART_Init  usart.o
    0x080022a8   0x080022a8   0x00000002   Code   RO          254    i.MemManage_Handler  stm32g4xx_it.o
    0x080022aa   0x080022aa   0x00000002   PAD
    0x080022ac   0x080022ac   0x00000030   Code   RO         2752    i.MyUSART1_CanReadLine  myusart1.o
    0x080022dc   0x080022dc   0x00000034   Code   RO         2756    i.MyUSART1_IRQHandler  myusart1.o
    0x08002310   0x08002310   0x00000014   Code   RO         2757    i.MyUSART1_Init     myusart1.o
    0x08002324   0x08002324   0x00000048   Code   RO         2762    i.MyUSART1_ReadLine  myusart1.o
    0x0800236c   0x0800236c   0x0000001c   Code   RO         2766    i.MyUSART1_WriteChar  myusart1.o
    0x08002388   0x08002388   0x0000002e   Code   RO         2767    i.MyUSART1_WriteLine  myusart1.o
    0x080023b6   0x080023b6   0x00000002   Code   RO          255    i.NMI_Handler       stm32g4xx_it.o
    0x080023b8   0x080023b8   0x00000006   Code   RO         2581    i.OLED_CLS          oled_i2c.o
    0x080023be   0x080023be   0x00000002   PAD
    0x080023c0   0x080023c0   0x00000038   Code   RO         2584    i.OLED_Fill         oled_i2c.o
    0x080023f8   0x080023f8   0x000000c8   Code   RO         2586    i.OLED_Init         oled_i2c.o
    0x080024c0   0x080024c0   0x00000026   Code   RO         2592    i.OLED_SetPos       oled_i2c.o
    0x080024e6   0x080024e6   0x00000002   PAD
    0x080024e8   0x080024e8   0x0000007c   Code   RO         2594    i.OLED_ShowChar     oled_i2c.o
    0x08002564   0x08002564   0x00000086   Code   RO         2596    i.OLED_ShowInt      oled_i2c.o
    0x080025ea   0x080025ea   0x00000002   PAD
    0x080025ec   0x080025ec   0x000000d8   Code   RO         2599    i.OLED_ShowStr      oled_i2c.o
    0x080026c4   0x080026c4   0x00000002   Code   RO          256    i.PendSV_Handler    stm32g4xx_it.o
    0x080026c6   0x080026c6   0x00000002   PAD
    0x080026c8   0x080026c8   0x000000a0   Code   RO         2915    i.ReadFromAD7190    ad7190.o
    0x08002768   0x08002768   0x00000002   Code   RO          257    i.SVC_Handler       stm32g4xx_it.o
    0x0800276a   0x0800276a   0x00000004   Code   RO          258    i.SysTick_Handler   stm32g4xx_it.o
    0x0800276e   0x0800276e   0x00000066   Code   RO           15    i.SystemClock_Config  main.o
    0x080027d4   0x080027d4   0x00000010   Code   RO         2421    i.SystemInit        system_stm32g4xx.o
    0x080027e4   0x080027e4   0x00000044   Code   RO         1070    i.UARTEx_SetNbDataToProcess  stm32g4xx_hal_uart_ex.o
    0x08002828   0x08002828   0x000000c8   Code   RO          680    i.UART_AdvFeatureConfig  stm32g4xx_hal_uart.o
    0x080028f0   0x080028f0   0x00000060   Code   RO          681    i.UART_CheckIdleState  stm32g4xx_hal_uart.o
    0x08002950   0x08002950   0x00000014   Code   RO          682    i.UART_DMAAbortOnError  stm32g4xx_hal_uart.o
    0x08002964   0x08002964   0x00000054   Code   RO          692    i.UART_EndRxTransfer  stm32g4xx_hal_uart.o
    0x080029b8   0x080029b8   0x00000298   Code   RO          698    i.UART_SetConfig    stm32g4xx_hal_uart.o
    0x08002c50   0x08002c50   0x000000c6   Code   RO          705    i.UART_WaitOnFlagUntilTimeout  stm32g4xx_hal_uart.o
    0x08002d16   0x08002d16   0x00000002   PAD
    0x08002d18   0x08002d18   0x0000001c   Code   RO          259    i.USART1_IRQHandler  stm32g4xx_it.o
    0x08002d34   0x08002d34   0x00000002   Code   RO          260    i.UsageFault_Handler  stm32g4xx_it.o
    0x08002d36   0x08002d36   0x00000036   Code   RO         2916    i.WaitDataRDY       ad7190.o
    0x08002d6c   0x08002d6c   0x00000008   Code   RO         2601    i.WriteCmd          oled_i2c.o
    0x08002d74   0x08002d74   0x00000008   Code   RO         2602    i.WriteDat          oled_i2c.o
    0x08002d7c   0x08002d7c   0x000000a0   Code   RO         2917    i.WriteToAD7190     ad7190.o
    0x08002e1c   0x08002e1c   0x00000030   Code   RO         3144    i.__ARM_fpclassify  m_wm.l(fpclassify.o)
    0x08002e4c   0x08002e4c   0x0000002c   Code   RO         2771    i.__MyUSART1_Shift  myusart1.o
    0x08002e78   0x08002e78   0x00000020   Code   RO         2303    i.__NVIC_SetPriority  stm32g4xx_hal_cortex.o
    0x08002e98   0x08002e98   0x00000c38   Code   RO         3071    i.__hardfp_pow      m_wm.l(pow.o)
    0x08003ad0   0x08003ad0   0x000000f8   Code   RO         3146    i.__kernel_poly     m_wm.l(poly.o)
    0x08003bc8   0x08003bc8   0x00000030   Code   RO         3124    i.__mathlib_dbl_divzero  m_wm.l(dunder.o)
    0x08003bf8   0x08003bf8   0x00000014   Code   RO         3126    i.__mathlib_dbl_infnan2  m_wm.l(dunder.o)
    0x08003c0c   0x08003c0c   0x00000004   PAD
    0x08003c10   0x08003c10   0x00000020   Code   RO         3127    i.__mathlib_dbl_invalid  m_wm.l(dunder.o)
    0x08003c30   0x08003c30   0x00000020   Code   RO         3128    i.__mathlib_dbl_overflow  m_wm.l(dunder.o)
    0x08003c50   0x08003c50   0x00000020   Code   RO         3130    i.__mathlib_dbl_underflow  m_wm.l(dunder.o)
    0x08003c70   0x08003c70   0x0000000e   Code   RO         3032    i._is_digit         c_w.l(__printf_wp.o)
    0x08003c7e   0x08003c7e   0x00000002   PAD
    0x08003c80   0x08003c80   0x00000014   Code   RO         2459    i.delay_init        delay.o
    0x08003c94   0x08003c94   0x0000000a   Code   RO         2460    i.delay_ms          delay.o
    0x08003c9e   0x08003c9e   0x00000002   PAD
    0x08003ca0   0x08003ca0   0x00000034   Code   RO         2462    i.delay_us          delay.o
    0x08003cd4   0x08003cd4   0x00000018   Code   RO         3140    i.fabs              m_wm.l(fabs.o)
    0x08003cec   0x08003cec   0x0000001c   Code   RO         2772    i.fputc             myusart1.o
    0x08003d08   0x08003d08   0x00000160   Code   RO           16    i.main              main.o
    0x08003e68   0x08003e68   0x0000006e   Code   RO         3151    i.sqrt              m_wm.l(sqrt.o)
    0x08003ed6   0x08003ed6   0x00000018   Code   RO         3103    x$fpl$basic         fz_wm.l(basic.o)
    0x08003eee   0x08003eee   0x00000002   PAD
    0x08003ef0   0x08003ef0   0x00000150   Code   RO         3105    x$fpl$dadd          fz_wm.l(daddsub_clz.o)
    0x08004040   0x08004040   0x00000010   Code   RO         3226    x$fpl$dcheck1       fz_wm.l(dcheck1.o)
    0x08004050   0x08004050   0x00000018   Code   RO         3298    x$fpl$dcmpinf       fz_wm.l(dcmpi.o)
    0x08004068   0x08004068   0x000002b0   Code   RO         3112    x$fpl$ddiv          fz_wm.l(ddiv.o)
    0x08004318   0x08004318   0x0000005e   Code   RO         3053    x$fpl$dfix          fz_wm.l(dfix.o)
    0x08004376   0x08004376   0x00000002   PAD
    0x08004378   0x08004378   0x0000005a   Code   RO         3057    x$fpl$dfixu         fz_wm.l(dfixu.o)
    0x080043d2   0x080043d2   0x0000002e   Code   RO         3062    x$fpl$dflt          fz_wm.l(dflt_clz.o)
    0x08004400   0x08004400   0x00000026   Code   RO         3061    x$fpl$dfltu         fz_wm.l(dflt_clz.o)
    0x08004426   0x08004426   0x00000002   PAD
    0x08004428   0x08004428   0x00000078   Code   RO         3228    x$fpl$dleqf         fz_wm.l(dleqf.o)
    0x080044a0   0x080044a0   0x00000154   Code   RO         3067    x$fpl$dmul          fz_wm.l(dmul.o)
    0x080045f4   0x080045f4   0x0000009c   Code   RO         3115    x$fpl$dnaninf       fz_wm.l(dnaninf.o)
    0x08004690   0x08004690   0x0000000c   Code   RO         3117    x$fpl$dretinf       fz_wm.l(dretinf.o)
    0x0800469c   0x0800469c   0x0000006c   Code   RO         3119    x$fpl$drleqf        fz_wm.l(drleqf.o)
    0x08004708   0x08004708   0x00000016   Code   RO         3106    x$fpl$drsb          fz_wm.l(daddsub_clz.o)
    0x0800471e   0x0800471e   0x00000002   PAD
    0x08004720   0x08004720   0x00000198   Code   RO         3230    x$fpl$dsqrt         fz_wm.l(dsqrt_umaal.o)
    0x080048b8   0x080048b8   0x000001d4   Code   RO         3107    x$fpl$dsub          fz_wm.l(daddsub_clz.o)
    0x08004a8c   0x08004a8c   0x0000000a   Code   RO         3312    x$fpl$fpinit        fz_wm.l(fpinit.o)
    0x08004a96   0x08004a96   0x00000064   Code   RO         3300    x$fpl$retnan        fz_wm.l(retnan.o)
    0x08004afa   0x08004afa   0x0000005c   Code   RO         3121    x$fpl$scalbn        fz_wm.l(scalbn.o)
    0x08004b56   0x08004b56   0x00000030   Code   RO         3314    x$fpl$trapveneer    fz_wm.l(trapv.o)
    0x08004b86   0x08004b86   0x00000000   Code   RO         3123    x$fpl$usenofp       fz_wm.l(usenofp.o)
    0x08004b86   0x08004b86   0x00000018   Data   RO          706    .constdata          stm32g4xx_hal_uart.o
    0x08004b9e   0x08004b9e   0x00000010   Data   RO         1071    .constdata          stm32g4xx_hal_uart_ex.o
    0x08004bae   0x08004bae   0x00000010   Data   RO         2422    .constdata          system_stm32g4xx.o
    0x08004bbe   0x08004bbe   0x00000008   Data   RO         2423    .constdata          system_stm32g4xx.o
    0x08004bc6   0x08004bc6   0x00000826   Data   RO         2604    .constdata          oled_i2c.o
    0x080053ec   0x080053ec   0x00000004   PAD
    0x080053f0   0x080053f0   0x00000088   Data   RO         3074    .constdata          m_wm.l(pow.o)
    0x08005478   0x08005478   0x00000008   Data   RO         3148    .constdata          m_wm.l(qnan.o)
    0x08005480   0x08005480   0x00000020   Data   RO         3382    Region$$Table       anon$$obj.o


    Execution Region RW_IRAM1 (Exec base: 0x20000000, Load base: 0x080054a0, Size: 0x000009c0, Max: 0x00020000, ABSOLUTE, COMPRESSED[0x000001c0])

    Exec Addr    Load Addr    Size         Type   Attr      Idx    E Section Name        Object

    0x20000000   COMPRESSED   0x00000002   Data   RW           18    .data               main.o
    0x20000002   COMPRESSED   0x00000002   PAD
    0x20000004   COMPRESSED   0x0000000c   Data   RW         1204    .data               stm32g4xx_hal.o
    0x20000010   COMPRESSED   0x00000004   Data   RW         2424    .data               system_stm32g4xx.o
    0x20000014   COMPRESSED   0x00000002   Data   RW         2463    .data               delay.o
    0x20000016   COMPRESSED   0x00000223   Data   RW         2605    .data               oled_i2c.o
    0x20000239   COMPRESSED   0x00000003   PAD
    0x2000023c   COMPRESSED   0x0000000c   Data   RW         2774    .data               myusart1.o
    0x20000248   COMPRESSED   0x00000004   Data   RW         2775    .data               myusart1.o
    0x2000024c   COMPRESSED   0x00000010   Data   RW         2918    .data               ad7190.o
    0x2000025c        -       0x00000010   Zero   RW           17    .bss                main.o
    0x2000026c        -       0x00000090   Zero   RW          211    .bss                usart.o
    0x200002fc        -       0x00000064   Zero   RW         2773    .bss                myusart1.o
    0x20000360        -       0x00000060   Zero   RW         3235    .bss                c_w.l(libspace.o)
    0x200003c0        -       0x00000200   Zero   RW            2    HEAP                startup_stm32g474xx.o
    0x200005c0        -       0x00000400   Zero   RW            1    STACK               startup_stm32g474xx.o


==============================================================================

Image component sizes


      Code (inc. data)   RO Data    RW Data    ZI Data      Debug   Object Name

      1200         50          0         16          0       9553   ad7190.o
        82          8          0          2          0       1755   delay.o
       228         14          0          0          0       1023   gpio.o
       490        128          0          2         16     804837   main.o
       432         24          0          0          0       2813   myiic.o
       338         62          0         16        100       6692   myusart1.o
       838         22       2086        547          0       8049   oled_i2c.o
        64         26        472          0       1536        848   startup_stm32g474xx.o
       126         20          0         12          0       3669   stm32g4xx_hal.o
       222         14          0          0          0      34117   stm32g4xx_hal_cortex.o
       226          0          0          0          0       1819   stm32g4xx_hal_dma.o
       628         40          0          0          0       3294   stm32g4xx_hal_gpio.o
        48          6          0          0          0        870   stm32g4xx_hal_msp.o
       204         18          0          0          0       1393   stm32g4xx_hal_pwr_ex.o
      1696         92          0          0          0       6060   stm32g4xx_hal_rcc.o
       768         10          0          0          0       1888   stm32g4xx_hal_rcc_ex.o
      2110         90         24          0          0      28388   stm32g4xx_hal_uart.o
       288          6         16          0          0       5154   stm32g4xx_hal_uart_ex.o
        56         10          0          0          0       5197   stm32g4xx_it.o
        16          4         24          4          0       1139   system_stm32g4xx.o
       244         22          0          0        144       1778   usart.o

    ----------------------------------------------------------------------
     10328        666       2658        604       1796     930336   Object Totals
         0          0         32          0          0          0   (incl. Generated)
        24          0          4          5          0          0   (incl. Padding)

    ----------------------------------------------------------------------

      Code (inc. data)   RO Data    RW Data    ZI Data      Debug   Library Member Name

        90          0          0          0          0          0   __dczerorl2.o
         8          0          0          0          0         68   __main.o
       352          0          0          0          0         88   __printf_ss_wp.o
        14          0          0          0          0         68   __printf_wp.o
         0          0          0          0          0          0   __rtentry.o
        12          0          0          0          0          0   __rtentry2.o
         6          0          0          0          0          0   __rtentry4.o
        52          8          0          0          0          0   __scatter.o
        28          0          0          0          0          0   __scatter_zi.o
        48          6          0          0          0         96   _printf_char_common.o
        36          4          0          0          0         80   _printf_char_file.o
         6          0          0          0          0          0   _printf_d.o
       120         16          0          0          0         92   _printf_dec.o
       178          0          0          0          0         88   _printf_intcommon.o
        78          0          0          0          0        108   _printf_pad.o
         0          0          0          0          0          0   _printf_percent.o
         4          0          0          0          0          0   _printf_percent_end.o
        22          0          0          0          0        100   _rserrno.o
        12          0          0          0          0         72   exit.o
         8          0          0          0          0         68   ferror.o
         6          0          0          0          0        152   heapauxi.o
         0          0          0          0          0          0   indicate_semi.o
         2          0          0          0          0          0   libinit.o
         6          0          0          0          0          0   libinit2.o
         2          0          0          0          0          0   libshutdown.o
         2          0          0          0          0          0   libshutdown2.o
         8          4          0          0         96         68   libspace.o
       238          0          0          0          0        100   lludivv7m.o
        24          4          0          0          0         84   noretval__2printf.o
         8          4          0          0          0         68   rt_errno_addr_intlibspace.o
        78          0          0          0          0         80   rt_memclr_w.o
         2          0          0          0          0          0   rtexit.o
        10          0          0          0          0          0   rtexit2.o
        12          4          0          0          0         68   sys_exit.o
        74          0          0          0          0         80   sys_stackheap_outer.o
         2          0          0          0          0         68   use_no_semi.o
        24          0          0          0          0        164   basic.o
       826         16          0          0          0        492   daddsub_clz.o
        16          4          0          0          0        116   dcheck1.o
        24          0          0          0          0        116   dcmpi.o
       688        140          0          0          0        256   ddiv.o
        94          4          0          0          0        140   dfix.o
        90          4          0          0          0        140   dfixu.o
        84          0          0          0          0        232   dflt_clz.o
       120          4          0          0          0        140   dleqf.o
       340         12          0          0          0        152   dmul.o
       156          4          0          0          0        140   dnaninf.o
        12          0          0          0          0        116   dretinf.o
       108          0          0          0          0        128   drleqf.o
       408         56          0          0          0        168   dsqrt_umaal.o
        10          0          0          0          0        116   fpinit.o
       100          0          0          0          0        116   retnan.o
        92          0          0          0          0        116   scalbn.o
        48          0          0          0          0        116   trapv.o
         0          0          0          0          0          0   usenofp.o
       164         44          0          0          0        620   dunder.o
        24          0          0          0          0        124   fabs.o
        48          0          0          0          0        124   fpclassify.o
       248          0          0          0          0        152   poly.o
      3128        302        136          0          0        356   pow.o
         0          0          8          0          0          0   qnan.o
       110          0          0          0          0        148   sqrt.o

    ----------------------------------------------------------------------
      8534        640        144          0         96       6184   Library Totals
        24          0          0          0          0          0   (incl. Padding)

    ----------------------------------------------------------------------

      Code (inc. data)   RO Data    RW Data    ZI Data      Debug   Library Name

      1548         50          0          0         96       1696   c_w.l
      3240        244          0          0          0       2964   fz_wm.l
      3722        346        144          0          0       1524   m_wm.l

    ----------------------------------------------------------------------
      8534        640        144          0         96       6184   Library Totals

    ----------------------------------------------------------------------

==============================================================================


      Code (inc. data)   RO Data    RW Data    ZI Data      Debug   

     18862       1306       2802        604       1892     923388   Grand Totals
     18862       1306       2802        448       1892     923388   ELF Image Totals (compressed)
     18862       1306       2802        448          0          0   ROM Totals

==============================================================================

    Total RO  Size (Code + RO Data)                21664 (  21.16kB)
    Total RW  Size (RW Data + ZI Data)              2496 (   2.44kB)
    Total ROM Size (Code + RO Data + RW Data)      22112 (  21.59kB)

==============================================================================

